[2026-08-19T09:09:09] BEGIN Yageo RC derived-symbol update
[2026-08-19T09:09:09] Footprint verified: C:\KiCad\9.0\footprints\PL Resistor SMD\PL Resistor SMD.pretty\R0402.kicad_mod sha256=094a21a4ecb962bd1dbf42fd8003687c2011c4c0e4fad9823feeb00e9f85964a
[2026-08-19T09:09:09] Footprint verified: C:\KiCad\9.0\footprints\PL Resistor SMD\PL Resistor SMD.pretty\R0603.kicad_mod sha256=3178e933c8fdb8b92908433a728f39c688bf034f76f552f9d150f0e2879cc743
[2026-08-19T09:09:09] Footprint verified: C:\KiCad\9.0\footprints\PL Resistor SMD\PL Resistor SMD.pretty\R0805.kicad_mod sha256=704cb510f7b935201827f7df2b558c6c2695be0e3dbc3c7f9d6136978dd082aa
[2026-08-19T09:09:09] Input library: C:\KiCad\9.0\symbols\PL Resistor SMD\PL Resistor SMD.kicad_sym bytes=256745 sha256=fa628a772a4666aa45483aabe2516a5f089b7bc6058e29577e3add5f54225b90
[2026-08-19T09:09:09] Input CSV: C:\KiCad\9.0\symbols\PL Resistor SMD\LCSCSearchDownload_RC_E96_filtered.csv bytes=138298 sha256=50a856b31e27f4f10fe71c4f56c84f4f4efc532687602d49be65412590b424e9
[2026-08-19T09:09:09] Input PDF: C:\KiCad\9.0\symbols\PL Resistor SMD\Datasheets\Yageo_Resistor_RC_Series.pdf bytes=631342 sha256=ecfb53555d332b8286ba60edb5cc7ce007b47bf7cc0efcd0aabdc0d3a5fb990b
[2026-08-19T09:09:09] Preflight counts: existing=102 csv=683 skips=24 additions=659
[2026-08-19T09:09:09] Skip counts by package: {'0402': 11, '0603': 13}
[2026-08-19T09:09:09] Addition counts by package: {'0402': 255, '0603': 226, '0805': 178}
[2026-08-19T09:09:09] SKIP name=100R_0603 mpn=RC0603FR-07100RL lcsc=C105588 resistance=100Ω package=0603 existing=100R_0603 reason=same_resistance_and_footprint
[2026-08-19T09:09:09] SKIP name=1.62K_0402 mpn=RC0402FR-071K62L lcsc=C138038 resistance=1.62kΩ package=0402 existing=1.62K_0402 reason=same_resistance_and_footprint
[2026-08-19T09:09:09] SKIP name=57.6K_0603 mpn=RC0603FR-0757K6L lcsc=C245983 resistance=57.6kΩ package=0603 existing=57.6K_0603 reason=same_resistance_and_footprint
[2026-08-19T09:09:09] SKIP name=3.32K_0603 mpn=RC0603FR-073K32L lcsc=C137731 resistance=3.32kΩ package=0603 existing=3.32K_0603 reason=same_resistance_and_footprint
[2026-08-19T09:09:09] SKIP name=86.6K_0603 mpn=RC0603FR-0786K6L lcsc=C141683 resistance=86.6kΩ package=0603 existing=86.6K_0603 reason=same_resistance_and_footprint
[2026-08-19T09:09:09] SKIP name=30.1K_0402 mpn=RC0402FR-0730K1L lcsc=C138009 resistance=30.1kΩ package=0402 existing=30.1K_0402 reason=same_resistance_and_footprint
[2026-08-19T09:09:09] SKIP name=13K_0402 mpn=RC0402FR-0713KL lcsc=C138057 resistance=13kΩ package=0402 existing=13K_0402 reason=same_resistance_and_footprint
[2026-08-19T09:09:09] SKIP name=24.9K_0402 mpn=RC0402FR-0724K9L lcsc=C138027 resistance=24.9kΩ package=0402 existing=24.9K_0402 reason=same_resistance_and_footprint
[2026-08-19T09:09:09] SKIP name=56.2K_0603 mpn=RC0603FR-0756K2L lcsc=C482887 resistance=56.2kΩ package=0603 existing=56.2K_0603 reason=same_resistance_and_footprint
[2026-08-19T09:09:09] SKIP name=2K_0402 mpn=RC0402FR-072KL lcsc=C60488 resistance=2kΩ package=0402 existing=2K_0402 reason=same_resistance_and_footprint
[2026-08-19T09:09:09] SKIP name=9.76K_0603 mpn=RC0603FR-079K76L lcsc=C137665 resistance=9.76kΩ package=0603 existing=9.76K_0603 reason=same_resistance_and_footprint
[2026-08-19T09:09:09] SKIP name=165K_0603 mpn=RC0603FR-07165KL lcsc=C273747 resistance=165kΩ package=0603 existing=165K_0603 reason=same_resistance_and_footprint
[2026-08-19T09:09:09] SKIP name=10K_0603 mpn=RC0603FR-0710KL lcsc=C98220 resistance=10kΩ package=0603 existing=10K_0603 reason=same_resistance_and_footprint
[2026-08-19T09:09:09] SKIP name=1K_0603 mpn=RC0603FR-071KL lcsc=C22548 resistance=1kΩ package=0603 existing=1K_0603 reason=same_resistance_and_footprint
[2026-08-19T09:09:09] SKIP name=100K_0402 mpn=RC0402FR-07100KL lcsc=C60491 resistance=100kΩ package=0402 existing=100K_0402 reason=same_resistance_and_footprint
[2026-08-19T09:09:09] SKIP name=10K_0402 mpn=RC0402FR-0710KL lcsc=C60490 resistance=10kΩ package=0402 existing=10K_0402 reason=same_resistance_and_footprint
[2026-08-19T09:09:09] SKIP name=20K_0603 mpn=RC0603FR-0720KL lcsc=C105575 resistance=20kΩ package=0603 existing=20K_0603,20K_0603_10ppm reason=same_resistance_and_footprint
[2026-08-19T09:09:09] SKIP name=100R_0402 mpn=RC0402FR-07100RL lcsc=C106232 resistance=100Ω package=0402 existing=100R_0402 reason=same_resistance_and_footprint
[2026-08-19T09:09:09] SKIP name=1K_0402 mpn=RC0402FR-071KL lcsc=C106235 resistance=1kΩ package=0402 existing=1K_0402 reason=same_resistance_and_footprint
[2026-08-19T09:09:09] SKIP name=100K_0603 mpn=RC0603FR-07100KL lcsc=C14675 resistance=100kΩ package=0603 existing=100K_0603 reason=same_resistance_and_footprint
[2026-08-19T09:09:09] SKIP name=1M_0402 mpn=RC0402FR-071ML lcsc=C138033 resistance=1MΩ package=0402 existing=1M_0402 reason=same_resistance_and_footprint
[2026-08-19T09:09:09] SKIP name=20K_0402 mpn=RC0402FR-0720KL lcsc=C93942 resistance=20kΩ package=0402 existing=20K_0402 reason=same_resistance_and_footprint
[2026-08-19T09:09:09] SKIP name=200R_0603 mpn=RC0603FR-07200RL lcsc=C114664 resistance=200Ω package=0603 existing=200R_0603 reason=same_resistance_and_footprint
[2026-08-19T09:09:09] SKIP name=15K_0603 mpn=RC0603FR-0715KL lcsc=C114661 resistance=15kΩ package=0603 existing=15K_0603 reason=same_resistance_and_footprint
[2026-08-19T09:09:09] ADD name=1.02K_0402 mpn=RC0402FR-071K02L lcsc=C163485 resistance=1.02kΩ package=0402
[2026-08-19T09:09:09] ADD name=1.02M_0402 mpn=RC0402FR-071M02L lcsc=C477182 resistance=1.02MΩ package=0402
[2026-08-19T09:09:09] ADD name=1.05M_0402 mpn=RC0402FR-071M05L lcsc=C477184 resistance=1.05MΩ package=0402
[2026-08-19T09:09:09] ADD name=1.07K_0402 mpn=RC0402FR-071K07L lcsc=C477186 resistance=1.07kΩ package=0402
[2026-08-19T09:09:09] ADD name=1.13M_0402 mpn=RC0402FR-071M13L lcsc=C477189 resistance=1.13MΩ package=0402
[2026-08-19T09:09:09] ADD name=1.15K_0402 mpn=RC0402FR-071K15L lcsc=C477191 resistance=1.15kΩ package=0402
[2026-08-19T09:09:09] ADD name=1.15K_0603 mpn=RC0603FR-071K15L lcsc=C137781 resistance=1.15kΩ package=0603
[2026-08-19T09:09:09] ADD name=1.15M_0402 mpn=RC0402FR-071M15L lcsc=C477192 resistance=1.15MΩ package=0402
[2026-08-19T09:09:09] ADD name=1.18K_0402 mpn=RC0402FR-071K18L lcsc=C273709 resistance=1.18kΩ package=0402
[2026-08-19T09:09:09] ADD name=1.18K_0603 mpn=RC0603FR-071K18L lcsc=C245929 resistance=1.18kΩ package=0603
[2026-08-19T09:09:09] ADD name=1.18M_0805 mpn=RC0805FR-071M18L lcsc=C482949 resistance=1.18MΩ package=0805
[2026-08-19T09:09:09] ADD name=1.1K_0402 mpn=RC0402FR-071K1L lcsc=C138041 resistance=1.1kΩ package=0402
[2026-08-19T09:09:09] ADD name=1.1K_0603 mpn=RC0603FR-071K1L lcsc=C137780 resistance=1.1kΩ package=0603
[2026-08-19T09:09:09] ADD name=1.21K_0603 mpn=RC0603FR-071K21L lcsc=C137779 resistance=1.21kΩ package=0603
[2026-08-19T09:09:09] ADD name=1.21M_0805 mpn=RC0805FR-071M21L lcsc=C482951 resistance=1.21MΩ package=0805
[2026-08-19T09:09:09] ADD name=1.24K_0402 mpn=RC0402FR-071K24L lcsc=C274889 resistance=1.24kΩ package=0402
[2026-08-19T09:09:09] ADD name=1.24K_0603 mpn=RC0603FR-071K24L lcsc=C145072 resistance=1.24kΩ package=0603
[2026-08-19T09:09:09] ADD name=1.24M_0402 mpn=RC0402FR-071M24L lcsc=C477198 resistance=1.24MΩ package=0402
[2026-08-19T09:09:09] ADD name=1.27K_0402 mpn=RC0402FR-071K27L lcsc=C327364 resistance=1.27kΩ package=0402
[2026-08-19T09:09:09] ADD name=1.27K_0603 mpn=RC0603FR-071K27L lcsc=C245930 resistance=1.27kΩ package=0603
[2026-08-19T09:09:09] ADD name=1.27M_0402 mpn=RC0402FR-071M27L lcsc=C477200 resistance=1.27MΩ package=0402
[2026-08-19T09:09:09] ADD name=1.33K_0402 mpn=RC0402FR-071K33L lcsc=C276261 resistance=1.33kΩ package=0402
[2026-08-19T09:09:09] ADD name=1.33K_0603 mpn=RC0603FR-071K33L lcsc=C137778 resistance=1.33kΩ package=0603
[2026-08-19T09:09:09] ADD name=1.33M_0603 mpn=RC0603FR-071M33L lcsc=C482628 resistance=1.33MΩ package=0603
[2026-08-19T09:09:09] ADD name=1.37M_0402 mpn=RC0402FR-071M37L lcsc=C477205 resistance=1.37MΩ package=0402
[2026-08-19T09:09:09] ADD name=1.3K_0402 mpn=RC0402FR-071K3L lcsc=C185455 resistance=1.3kΩ package=0402
[2026-08-19T09:09:09] ADD name=1.3K_0603 mpn=RC0603FR-071K3L lcsc=C125319 resistance=1.3kΩ package=0603
[2026-08-19T09:09:09] ADD name=1.3K_0805 mpn=RC0805FR-071K3L lcsc=C137582 resistance=1.3kΩ package=0805
[2026-08-19T09:09:09] ADD name=1.3M_0402 mpn=RC0402FR-071M3L lcsc=C477207 resistance=1.3MΩ package=0402
[2026-08-19T09:09:09] ADD name=1.43K_0805 mpn=RC0805FR-071K43L lcsc=C482962 resistance=1.43kΩ package=0805
[2026-08-19T09:09:09] ADD name=1.47K_0603 mpn=RC0603FR-071K47L lcsc=C482634 resistance=1.47kΩ package=0603
[2026-08-19T09:09:09] ADD name=1.4K_0603 mpn=RC0603FR-071K4L lcsc=C185359 resistance=1.4kΩ package=0603
[2026-08-19T09:09:09] ADD name=1.4K_0805 mpn=RC0805FR-071K4L lcsc=C482967 resistance=1.4kΩ package=0805
[2026-08-19T09:09:09] ADD name=1.4M_0603 mpn=RC0603FR-071M4L lcsc=C470024 resistance=1.4MΩ package=0603
[2026-08-19T09:09:09] ADD name=1.54K_0603 mpn=RC0603FR-071K54L lcsc=C185358 resistance=1.54kΩ package=0603
[2026-08-19T09:09:09] ADD name=1.54M_0402 mpn=RC0402FR-071M54L lcsc=C477215 resistance=1.54MΩ package=0402
[2026-08-19T09:09:09] ADD name=1.5K_0402 mpn=RC0402FR-071K5L lcsc=C114759 resistance=1.5kΩ package=0402
[2026-08-19T09:09:09] ADD name=1.5K_0603 mpn=RC0603FR-071K5L lcsc=C114668 resistance=1.5kΩ package=0603
[2026-08-19T09:09:09] ADD name=1.5K_0805 mpn=RC0805FR-071K5L lcsc=C114555 resistance=1.5kΩ package=0805
[2026-08-19T09:09:09] ADD name=1.5M_0402 mpn=RC0402FR-071M5L lcsc=C138034 resistance=1.5MΩ package=0402
[2026-08-19T09:09:09] ADD name=1.5M_0603 mpn=RC0603FR-071M5L lcsc=C137773 resistance=1.5MΩ package=0603
[2026-08-19T09:09:09] ADD name=1.5M_0805 mpn=RC0805FR-071M5L lcsc=C275642 resistance=1.5MΩ package=0805
[2026-08-19T09:09:09] ADD name=1.65K_0603 mpn=RC0603FR-071K65L lcsc=C185357 resistance=1.65kΩ package=0603
[2026-08-19T09:09:09] ADD name=1.65M_0805 mpn=RC0805FR-071M65L lcsc=C275641 resistance=1.65MΩ package=0805
[2026-08-19T09:09:09] ADD name=1.69K_0402 mpn=RC0402FR-071K69L lcsc=C185452 resistance=1.69kΩ package=0402
[2026-08-19T09:09:09] ADD name=1.69K_0603 mpn=RC0603FR-071K69L lcsc=C185356 resistance=1.69kΩ package=0603
[2026-08-19T09:09:09] ADD name=1.74K_0603 mpn=RC0603FR-071K74L lcsc=C482652 resistance=1.74kΩ package=0603
[2026-08-19T09:09:09] ADD name=1.74K_0805 mpn=RC0805FR-071K74L lcsc=C482980 resistance=1.74kΩ package=0805
[2026-08-19T09:09:09] ADD name=1.74M_0402 mpn=RC0402FR-071M74L lcsc=C477225 resistance=1.74MΩ package=0402
[2026-08-19T09:09:09] ADD name=1.78K_0603 mpn=RC0603FR-071K78L lcsc=C137775 resistance=1.78kΩ package=0603
[2026-08-19T09:09:09] ADD name=1.78M_0402 mpn=RC0402FR-071M78L lcsc=C477227 resistance=1.78MΩ package=0402
[2026-08-19T09:09:09] ADD name=1.82K_0402 mpn=RC0402FR-071K82L lcsc=C185449 resistance=1.82kΩ package=0402
[2026-08-19T09:09:09] ADD name=1.82K_0603 mpn=RC0603FR-071K82L lcsc=C273756 resistance=1.82kΩ package=0603
[2026-08-19T09:09:09] ADD name=1.82K_0805 mpn=RC0805FR-071K82L lcsc=C273962 resistance=1.82kΩ package=0805
[2026-08-19T09:09:09] ADD name=1.82M_0402 mpn=RC0402FR-071M82L lcsc=C163480 resistance=1.82MΩ package=0402
[2026-08-19T09:09:09] ADD name=1.87K_0402 mpn=RC0402FR-071K87L lcsc=C138037 resistance=1.87kΩ package=0402
[2026-08-19T09:09:09] ADD name=1.87K_0603 mpn=RC0603FR-071K87L lcsc=C185355 resistance=1.87kΩ package=0603
[2026-08-19T09:09:09] ADD name=1.87M_0805 mpn=RC0805FR-071M87L lcsc=C482988 resistance=1.87MΩ package=0805
[2026-08-19T09:09:09] ADD name=1.91K_0603 mpn=RC0603FR-071K91L lcsc=C185353 resistance=1.91kΩ package=0603
[2026-08-19T09:09:09] ADD name=1.91M_0402 mpn=RC0402FR-071M91L lcsc=C477599 resistance=1.91MΩ package=0402
[2026-08-19T09:09:09] ADD name=1.91M_0805 mpn=RC0805FR-071M91L lcsc=C482991 resistance=1.91MΩ package=0805
[2026-08-19T09:09:09] ADD name=1.96K_0402 mpn=RC0402FR-071K96L lcsc=C138036 resistance=1.96kΩ package=0402
[2026-08-19T09:09:09] ADD name=1.96M_0402 mpn=RC0402FR-071M96L lcsc=C477601 resistance=1.96MΩ package=0402
[2026-08-19T09:09:09] ADD name=1.96M_0805 mpn=RC0805FR-071M96L lcsc=C482993 resistance=1.96MΩ package=0805
[2026-08-19T09:09:09] ADD name=10.2K_0603 mpn=RC0603FR-0710K2L lcsc=C183219 resistance=10.2kΩ package=0603
[2026-08-19T09:09:09] ADD name=10.2K_0805 mpn=RC0805FR-0710K2L lcsc=C273984 resistance=10.2kΩ package=0805
[2026-08-19T09:09:09] ADD name=10.5K_0402 mpn=RC0402FR-0710K5L lcsc=C171695 resistance=10.5kΩ package=0402
[2026-08-19T09:09:09] ADD name=10.5K_0805 mpn=RC0805FR-0710K5L lcsc=C274362 resistance=10.5kΩ package=0805
[2026-08-19T09:09:09] ADD name=10.7R_0402 mpn=RC0402FR-0710R7L lcsc=C273728 resistance=10.7Ω package=0402
[2026-08-19T09:09:09] ADD name=100K_0805 mpn=RC0805FR-07100KL lcsc=C96346 resistance=100kΩ package=0805
[2026-08-19T09:09:09] ADD name=100R_0805 mpn=RC0805FR-07100RL lcsc=C105577 resistance=100Ω package=0805
[2026-08-19T09:09:09] ADD name=102K_0402 mpn=RC0402FR-07102KL lcsc=C188254 resistance=102kΩ package=0402
[2026-08-19T09:09:09] ADD name=102K_0805 mpn=RC0805FR-07102KL lcsc=C137600 resistance=102kΩ package=0805
[2026-08-19T09:09:09] ADD name=105K_0402 mpn=RC0402FR-07105KL lcsc=C171671 resistance=105kΩ package=0402
[2026-08-19T09:09:09] ADD name=105R_0402 mpn=RC0402FR-07105RL lcsc=C171696 resistance=105Ω package=0402
[2026-08-19T09:09:09] ADD name=107K_0402 mpn=RC0402FR-07107KL lcsc=C138070 resistance=107kΩ package=0402
[2026-08-19T09:09:09] ADD name=107K_0603 mpn=RC0603FR-07107KL lcsc=C245894 resistance=107kΩ package=0603
[2026-08-19T09:09:09] ADD name=107K_0805 mpn=RC0805FR-07107KL lcsc=C276295 resistance=107kΩ package=0805
[2026-08-19T09:09:09] ADD name=107R_0603 mpn=RC0603FR-07107RL lcsc=C245895 resistance=107Ω package=0603
[2026-08-19T09:09:09] ADD name=10K_0805 mpn=RC0805FR-0710KL lcsc=C84376 resistance=10kΩ package=0805
[2026-08-19T09:09:09] ADD name=10M_0805 mpn=RC0805FR-0710ML lcsc=C114525 resistance=10MΩ package=0805
[2026-08-19T09:09:09] ADD name=11.3K_0402 mpn=RC0402FR-0711K3L lcsc=C189473 resistance=11.3kΩ package=0402
[2026-08-19T09:09:09] ADD name=11.3R_0603 mpn=RC0603FR-0711R3L lcsc=C245900 resistance=11.3Ω package=0603
[2026-08-19T09:09:09] ADD name=11.5K_0603 mpn=RC0603FR-0711K5L lcsc=C137802 resistance=11.5kΩ package=0603
[2026-08-19T09:09:09] ADD name=11.8K_0402 mpn=RC0402FR-0711K8L lcsc=C189472 resistance=11.8kΩ package=0402
[2026-08-19T09:09:09] ADD name=11.8R_0603 mpn=RC0603FR-0711R8L lcsc=C245902 resistance=11.8Ω package=0603
[2026-08-19T09:09:09] ADD name=110K_0402 mpn=RC0402FR-07110KL lcsc=C138065 resistance=110kΩ package=0402
[2026-08-19T09:09:09] ADD name=110K_0603 mpn=RC0603FR-07110KL lcsc=C137807 resistance=110kΩ package=0603
[2026-08-19T09:09:09] ADD name=110K_0805 mpn=RC0805FR-07110KL lcsc=C137599 resistance=110kΩ package=0805
[2026-08-19T09:09:09] ADD name=110R_0402 mpn=RC0402FR-07110RL lcsc=C138064 resistance=110Ω package=0402
[2026-08-19T09:09:09] ADD name=110R_0805 mpn=RC0805FR-07110RL lcsc=C246031 resistance=110Ω package=0805
[2026-08-19T09:09:09] ADD name=113K_0402 mpn=RC0402FR-07113KL lcsc=C273332 resistance=113kΩ package=0402
[2026-08-19T09:09:09] ADD name=113K_0603 mpn=RC0603FR-07113KL lcsc=C185377 resistance=113kΩ package=0603
[2026-08-19T09:09:09] ADD name=115K_0402 mpn=RC0402FR-07115KL lcsc=C273341 resistance=115kΩ package=0402
[2026-08-19T09:09:09] ADD name=115R_0402 mpn=RC0402FR-07115RL lcsc=C295872 resistance=115Ω package=0402
[2026-08-19T09:09:09] ADD name=11K_0603 mpn=RC0603FR-0711KL lcsc=C137801 resistance=11kΩ package=0603
[2026-08-19T09:09:09] ADD name=11K_0805 mpn=RC0805FR-0711KL lcsc=C137597 resistance=11kΩ package=0805
[2026-08-19T09:09:09] ADD name=11R_0402 mpn=RC0402FR-0711RL lcsc=C295875 resistance=11Ω package=0402
[2026-08-19T09:09:09] ADD name=12.1K_0402 mpn=RC0402FR-0712K1L lcsc=C132157 resistance=12.1kΩ package=0402
[2026-08-19T09:09:09] ADD name=12.1K_0603 mpn=RC0603FR-0712K1L lcsc=C123417 resistance=12.1kΩ package=0603
[2026-08-19T09:09:09] ADD name=12.1K_0805 mpn=RC0805FR-0712K1L lcsc=C273811 resistance=12.1kΩ package=0805
[2026-08-19T09:09:09] ADD name=12.4K_0402 mpn=RC0402FR-0712K4L lcsc=C138060 resistance=12.4kΩ package=0402
[2026-08-19T09:09:09] ADD name=12.4K_0603 mpn=RC0603FR-0712K4L lcsc=C137798 resistance=12.4kΩ package=0603
[2026-08-19T09:09:09] ADD name=12.4K_0805 mpn=RC0805FR-0712K4L lcsc=C137595 resistance=12.4kΩ package=0805
[2026-08-19T09:09:09] ADD name=12.4R_0402 mpn=RC0402FR-0712R4L lcsc=C477607 resistance=12.4Ω package=0402
[2026-08-19T09:09:09] ADD name=12.7K_0603 mpn=RC0603FR-0712K7L lcsc=C185374 resistance=12.7kΩ package=0603
[2026-08-19T09:09:09] ADD name=12.7R_0805 mpn=RC0805FR-0712R7L lcsc=C483005 resistance=12.7Ω package=0805
[2026-08-19T09:09:09] ADD name=121K_0402 mpn=RC0402FR-07121KL lcsc=C112303 resistance=121kΩ package=0402
[2026-08-19T09:09:09] ADD name=121K_0805 mpn=RC0805FR-07121KL lcsc=C273848 resistance=121kΩ package=0805
[2026-08-19T09:09:09] ADD name=121R_0805 mpn=RC0805FR-07121RL lcsc=C273805 resistance=121Ω package=0805
[2026-08-19T09:09:09] ADD name=124K_0603 mpn=RC0603FR-07124KL lcsc=C137800 resistance=124kΩ package=0603
[2026-08-19T09:09:09] ADD name=124K_0805 mpn=RC0805FR-07124KL lcsc=C273869 resistance=124kΩ package=0805
[2026-08-19T09:09:09] ADD name=127K_0402 mpn=RC0402FR-07127KL lcsc=C138061 resistance=127kΩ package=0402
[2026-08-19T09:09:09] ADD name=13.3K_0402 mpn=RC0402FR-0713K3L lcsc=C274352 resistance=13.3kΩ package=0402
[2026-08-19T09:09:09] ADD name=13.3K_0603 mpn=RC0603FR-0713K3L lcsc=C185373 resistance=13.3kΩ package=0603
[2026-08-19T09:09:09] ADD name=13.7K_0402 mpn=RC0402FR-0713K7L lcsc=C274888 resistance=13.7kΩ package=0402
[2026-08-19T09:09:09] ADD name=13.7K_0603 mpn=RC0603FR-0713K7L lcsc=C482771 resistance=13.7kΩ package=0603
[2026-08-19T09:09:09] ADD name=130K_0402 mpn=RC0402FR-07130KL lcsc=C93946 resistance=130kΩ package=0402
[2026-08-19T09:09:09] ADD name=130K_0603 mpn=RC0603FR-07130KL lcsc=C163432 resistance=130kΩ package=0603
[2026-08-19T09:09:09] ADD name=130K_0805 mpn=RC0805FR-07130KL lcsc=C483008 resistance=130kΩ package=0805
[2026-08-19T09:09:09] ADD name=130R_0402 mpn=RC0402FR-07130RL lcsc=C477610 resistance=130Ω package=0402
[2026-08-19T09:09:09] ADD name=133K_0603 mpn=RC0603FR-07133KL lcsc=C273788 resistance=133kΩ package=0603
[2026-08-19T09:09:09] ADD name=133K_0805 mpn=RC0805FR-07133KL lcsc=C276296 resistance=133kΩ package=0805
[2026-08-19T09:09:09] ADD name=133R_0402 mpn=RC0402FR-07133RL lcsc=C327373 resistance=133Ω package=0402
[2026-08-19T09:09:09] ADD name=13K_0603 mpn=RC0603FR-0713KL lcsc=C137796 resistance=13kΩ package=0603
[2026-08-19T09:09:09] ADD name=13K_0805 mpn=RC0805FR-0713KL lcsc=C137592 resistance=13kΩ package=0805
[2026-08-19T09:09:09] ADD name=14.3K_0402 mpn=RC0402FR-0714K3L lcsc=C185465 resistance=14.3kΩ package=0402
[2026-08-19T09:09:09] ADD name=14.3K_0603 mpn=RC0603FR-0714K3L lcsc=C273750 resistance=14.3kΩ package=0603
[2026-08-19T09:09:09] ADD name=14.3R_0402 mpn=RC0402FR-0714R3L lcsc=C327371 resistance=14.3Ω package=0402
[2026-08-19T09:09:09] ADD name=14.7K_0402 mpn=RC0402FR-0714K7L lcsc=C138055 resistance=14.7kΩ package=0402
[2026-08-19T09:09:09] ADD name=14.7K_0603 mpn=RC0603FR-0714K7L lcsc=C245912 resistance=14.7kΩ package=0603
[2026-08-19T09:09:09] ADD name=14.7K_0805 mpn=RC0805FR-0714K7L lcsc=C273841 resistance=14.7kΩ package=0805
[2026-08-19T09:09:09] ADD name=14.7R_0402 mpn=RC0402FR-0714R7L lcsc=C477612 resistance=14.7Ω package=0402
[2026-08-19T09:09:09] ADD name=140K_0402 mpn=RC0402FR-07140KL lcsc=C114151 resistance=140kΩ package=0402
[2026-08-19T09:09:09] ADD name=140K_0603 mpn=RC0603FR-07140KL lcsc=C185372 resistance=140kΩ package=0603
[2026-08-19T09:09:09] ADD name=140R_0603 mpn=RC0603FR-07140RL lcsc=C245910 resistance=140Ω package=0603
[2026-08-19T09:09:09] ADD name=143R_0402 mpn=RC0402FR-07143RL lcsc=C477613 resistance=143Ω package=0402
[2026-08-19T09:09:09] ADD name=147K_0402 mpn=RC0402FR-07147KL lcsc=C163489 resistance=147kΩ package=0402
[2026-08-19T09:09:09] ADD name=147K_0603 mpn=RC0603FR-07147KL lcsc=C185371 resistance=147kΩ package=0603
[2026-08-19T09:09:09] ADD name=14K_0603 mpn=RC0603FR-0714KL lcsc=C137795 resistance=14kΩ package=0603
[2026-08-19T09:09:09] ADD name=14R_0402 mpn=RC0402FR-0714RL lcsc=C477614 resistance=14Ω package=0402
[2026-08-19T09:09:09] ADD name=15.4K_0402 mpn=RC0402FR-0715K4L lcsc=C185463 resistance=15.4kΩ package=0402
[2026-08-19T09:09:09] ADD name=15.4K_0603 mpn=RC0603FR-0715K4L lcsc=C185370 resistance=15.4kΩ package=0603
[2026-08-19T09:09:09] ADD name=15.4K_0805 mpn=RC0805FR-0715K4L lcsc=C163409 resistance=15.4kΩ package=0805
[2026-08-19T09:09:09] ADD name=150K_0402 mpn=RC0402FR-07150KL lcsc=C93947 resistance=150kΩ package=0402
[2026-08-19T09:09:09] ADD name=150K_0603 mpn=RC0603FR-07150KL lcsc=C114660 resistance=150kΩ package=0603
[2026-08-19T09:09:09] ADD name=150K_0805 mpn=RC0805FR-07150KL lcsc=C114558 resistance=150kΩ package=0805
[2026-08-19T09:09:09] ADD name=150R_0603 mpn=RC0603FR-07150RL lcsc=C114608 resistance=150Ω package=0603
[2026-08-19T09:09:09] ADD name=150R_0805 mpn=RC0805FR-07150RL lcsc=C114523 resistance=150Ω package=0805
[2026-08-19T09:09:09] ADD name=154K_0603 mpn=RC0603FR-07154KL lcsc=C137794 resistance=154kΩ package=0603
[2026-08-19T09:09:09] ADD name=158K_0402 mpn=RC0402FR-07158KL lcsc=C185464 resistance=158kΩ package=0402
[2026-08-19T09:09:09] ADD name=158K_0603 mpn=RC0603FR-07158KL lcsc=C273745 resistance=158kΩ package=0603
[2026-08-19T09:09:09] ADD name=15K_0402 mpn=RC0402FR-0715KL lcsc=C114761 resistance=15kΩ package=0402
[2026-08-19T09:09:09] ADD name=15K_0805 mpn=RC0805FR-0715KL lcsc=C114559 resistance=15kΩ package=0805
[2026-08-19T09:09:09] ADD name=15R_0402 mpn=RC0402FR-0715RL lcsc=C138052 resistance=15Ω package=0402
[2026-08-19T09:09:09] ADD name=15R_0603 mpn=RC0603FR-0715RL lcsc=C128059 resistance=15Ω package=0603
[2026-08-19T09:09:09] ADD name=15R_0805 mpn=RC0805FR-0715RL lcsc=C137590 resistance=15Ω package=0805
[2026-08-19T09:09:09] ADD name=16.2K_0603 mpn=RC0603FR-0716K2L lcsc=C137790 resistance=16.2kΩ package=0603
[2026-08-19T09:09:09] ADD name=16.2R_0603 mpn=RC0603FR-0716R2L lcsc=C482775 resistance=16.2Ω package=0603
[2026-08-19T09:09:09] ADD name=16.5K_0603 mpn=RC0603FR-0716K5L lcsc=C273769 resistance=16.5kΩ package=0603
[2026-08-19T09:09:09] ADD name=16.5K_0805 mpn=RC0805FR-0716K5L lcsc=C273820 resistance=16.5kΩ package=0805
[2026-08-19T09:09:09] ADD name=16.5R_0402 mpn=RC0402FR-0716R5L lcsc=C138049 resistance=16.5Ω package=0402
[2026-08-19T09:09:09] ADD name=16.9K_0402 mpn=RC0402FR-0716K9L lcsc=C163488 resistance=16.9kΩ package=0402
[2026-08-19T09:09:09] ADD name=16.9K_0805 mpn=RC0805FR-0716K9L lcsc=C273834 resistance=16.9kΩ package=0805
[2026-08-19T09:09:09] ADD name=16.9R_0402 mpn=RC0402FR-0716R9L lcsc=C273694 resistance=16.9Ω package=0402
[2026-08-19T09:09:09] ADD name=16.9R_0805 mpn=RC0805FR-0716R9L lcsc=C483018 resistance=16.9Ω package=0805
[2026-08-19T09:09:09] ADD name=162K_0402 mpn=RC0402FR-07162KL lcsc=C185462 resistance=162kΩ package=0402
[2026-08-19T09:09:09] ADD name=162K_0603 mpn=RC0603FR-07162KL lcsc=C165760 resistance=162kΩ package=0603
[2026-08-19T09:09:09] ADD name=165K_0402 mpn=RC0402FR-07165KL lcsc=C327368 resistance=165kΩ package=0402
[2026-08-19T09:09:09] ADD name=165R_0603 mpn=RC0603FR-07165RL lcsc=C137792 resistance=165Ω package=0603
[2026-08-19T09:09:09] ADD name=169K_0402 mpn=RC0402FR-07169KL lcsc=C327367 resistance=169kΩ package=0402
[2026-08-19T09:09:09] ADD name=169K_0805 mpn=RC0805FR-07169KL lcsc=C273870 resistance=169kΩ package=0805
[2026-08-19T09:09:09] ADD name=17.4K_0402 mpn=RC0402FR-0717K4L lcsc=C327366 resistance=17.4kΩ package=0402
[2026-08-19T09:09:09] ADD name=17.4K_0603 mpn=RC0603FR-0717K4L lcsc=C185365 resistance=17.4kΩ package=0603
[2026-08-19T09:09:09] ADD name=17.4K_0805 mpn=RC0805FR-0717K4L lcsc=C273853 resistance=17.4kΩ package=0805
[2026-08-19T09:09:09] ADD name=17.4R_0805 mpn=RC0805FR-0717R4L lcsc=C273980 resistance=17.4Ω package=0805
[2026-08-19T09:09:09] ADD name=17.8K_0402 mpn=RC0402FR-0717K8L lcsc=C185458 resistance=17.8kΩ package=0402
[2026-08-19T09:09:09] ADD name=17.8K_0603 mpn=RC0603FR-0717K8L lcsc=C185364 resistance=17.8kΩ package=0603
[2026-08-19T09:09:09] ADD name=17.8R_0603 mpn=RC0603FR-0717R8L lcsc=C482777 resistance=17.8Ω package=0603
[2026-08-19T09:09:09] ADD name=174K_0603 mpn=RC0603FR-07174KL lcsc=C482778 resistance=174kΩ package=0603
[2026-08-19T09:09:09] ADD name=178K_0402 mpn=RC0402FR-07178KL lcsc=C185459 resistance=178kΩ package=0402
[2026-08-19T09:09:09] ADD name=178R_0805 mpn=RC0805FR-07178RL lcsc=C483022 resistance=178Ω package=0805
[2026-08-19T09:09:09] ADD name=18.2K_0402 mpn=RC0402FR-0718K2L lcsc=C274351 resistance=18.2kΩ package=0402
[2026-08-19T09:09:09] ADD name=18.2K_0805 mpn=RC0805FR-0718K2L lcsc=C483023 resistance=18.2kΩ package=0805
[2026-08-19T09:09:09] ADD name=18.7K_0603 mpn=RC0603FR-0718K7L lcsc=C155690 resistance=18.7kΩ package=0603
[2026-08-19T09:09:09] ADD name=182K_0402 mpn=RC0402FR-07182KL lcsc=C327365 resistance=182kΩ package=0402
[2026-08-19T09:09:09] ADD name=187K_0402 mpn=RC0402FR-07187KL lcsc=C163486 resistance=187kΩ package=0402
[2026-08-19T09:09:09] ADD name=187K_0603 mpn=RC0603FR-07187KL lcsc=C165762 resistance=187kΩ package=0603
[2026-08-19T09:09:09] ADD name=187R_0402 mpn=RC0402FR-07187RL lcsc=C274350 resistance=187Ω package=0402
[2026-08-19T09:09:09] ADD name=19.1K_0402 mpn=RC0402FR-0719K1L lcsc=C138042 resistance=19.1kΩ package=0402
[2026-08-19T09:09:09] ADD name=19.1K_0805 mpn=RC0805FR-0719K1L lcsc=C273839 resistance=19.1kΩ package=0805
[2026-08-19T09:09:09] ADD name=19.6K_0402 mpn=RC0402FR-0719K6L lcsc=C477629 resistance=19.6kΩ package=0402
[2026-08-19T09:09:09] ADD name=19.6K_0603 mpn=RC0603FR-0719K6L lcsc=C245925 resistance=19.6kΩ package=0603
[2026-08-19T09:09:09] ADD name=19.6K_0805 mpn=RC0805FR-0719K6L lcsc=C273857 resistance=19.6kΩ package=0805
[2026-08-19T09:09:09] ADD name=191R_0402 mpn=RC0402FR-07191RL lcsc=C185456 resistance=191Ω package=0402
[2026-08-19T09:09:09] ADD name=196K_0603 mpn=RC0603FR-07196KL lcsc=C273761 resistance=196kΩ package=0603
[2026-08-19T09:09:09] ADD name=1K_0805 mpn=RC0805FR-071KL lcsc=C95781 resistance=1kΩ package=0805
[2026-08-19T09:09:09] ADD name=1M_0603 mpn=RC0603FR-071ML lcsc=C105578 resistance=1MΩ package=0603
[2026-08-19T09:09:09] ADD name=1M_0805 mpn=RC0805FR-071ML lcsc=C107700 resistance=1MΩ package=0805
[2026-08-19T09:09:09] ADD name=2.05K_0805 mpn=RC0805FR-072K05L lcsc=C483029 resistance=2.05kΩ package=0805
[2026-08-19T09:09:09] ADD name=2.05M_0603 mpn=RC0603FR-072M05L lcsc=C482781 resistance=2.05MΩ package=0603
[2026-08-19T09:09:09] ADD name=2.15K_0603 mpn=RC0603FR-072K15L lcsc=C273772 resistance=2.15kΩ package=0603
[2026-08-19T09:09:09] ADD name=2.15K_0805 mpn=RC0805FR-072K15L lcsc=C273808 resistance=2.15kΩ package=0805
[2026-08-19T09:09:09] ADD name=2.1K_0402 mpn=RC0402FR-072K1L lcsc=C163473 resistance=2.1kΩ package=0402
[2026-08-19T09:09:09] ADD name=2.1K_0603 mpn=RC0603FR-072K1L lcsc=C245950 resistance=2.1kΩ package=0603
[2026-08-19T09:09:09] ADD name=2.1K_0805 mpn=RC0805FR-072K1L lcsc=C273922 resistance=2.1kΩ package=0805
[2026-08-19T09:09:09] ADD name=2.1M_0805 mpn=RC0805FR-072M1L lcsc=C483034 resistance=2.1MΩ package=0805
[2026-08-19T09:09:09] ADD name=2.21K_0805 mpn=RC0805FR-072K21L lcsc=C137557 resistance=2.21kΩ package=0805
[2026-08-19T09:09:09] ADD name=2.26K_0402 mpn=RC0402FR-072K26L lcsc=C477641 resistance=2.26kΩ package=0402
[2026-08-19T09:09:09] ADD name=2.26M_0603 mpn=RC0603FR-072M26L lcsc=C482789 resistance=2.26MΩ package=0603
[2026-08-19T09:09:09] ADD name=2.32K_0402 mpn=RC0402FR-072K32L lcsc=C477644 resistance=2.32kΩ package=0402
[2026-08-19T09:09:09] ADD name=2.32K_0603 mpn=RC0603FR-072K32L lcsc=C137749 resistance=2.32kΩ package=0603
[2026-08-19T09:09:09] ADD name=2.32M_0603 mpn=RC0603FR-072M32L lcsc=C482791 resistance=2.32MΩ package=0603
[2026-08-19T09:09:09] ADD name=2.37K_0402 mpn=RC0402FR-072K37L lcsc=C294439 resistance=2.37kΩ package=0402
[2026-08-19T09:09:09] ADD name=2.43K_0805 mpn=RC0805FR-072K43L lcsc=C137555 resistance=2.43kΩ package=0805
[2026-08-19T09:09:09] ADD name=2.49K_0805 mpn=RC0805FR-072K49L lcsc=C185290 resistance=2.49kΩ package=0805
[2026-08-19T09:09:09] ADD name=2.55K_0402 mpn=RC0402FR-072K55L lcsc=C185431 resistance=2.55kΩ package=0402
[2026-08-19T09:09:09] ADD name=2.55M_0402 mpn=RC0402FR-072M55L lcsc=C477654 resistance=2.55MΩ package=0402
[2026-08-19T09:09:09] ADD name=2.61K_0603 mpn=RC0603FR-072K61L lcsc=C185344 resistance=2.61kΩ package=0603
[2026-08-19T09:09:09] ADD name=2.61K_0805 mpn=RC0805FR-072K61L lcsc=C273965 resistance=2.61kΩ package=0805
[2026-08-19T09:09:09] ADD name=2.61M_0805 mpn=RC0805FR-072M61L lcsc=C483050 resistance=2.61MΩ package=0805
[2026-08-19T09:09:09] ADD name=2.67K_0402 mpn=RC0402FR-072K67L lcsc=C138018 resistance=2.67kΩ package=0402
[2026-08-19T09:09:09] ADD name=2.67K_0603 mpn=RC0603FR-072K67L lcsc=C185343 resistance=2.67kΩ package=0603
[2026-08-19T09:09:09] ADD name=2.74K_0603 mpn=RC0603FR-072K74L lcsc=C185342 resistance=2.74kΩ package=0603
[2026-08-19T09:09:09] ADD name=2.74K_0805 mpn=RC0805FR-072K74L lcsc=C137554 resistance=2.74kΩ package=0805
[2026-08-19T09:09:09] ADD name=2.74M_0402 mpn=RC0402FR-072M74L lcsc=C470022 resistance=2.74MΩ package=0402
[2026-08-19T09:09:09] ADD name=2.74M_0603 mpn=RC0603FR-072M74L lcsc=C482806 resistance=2.74MΩ package=0603
[2026-08-19T09:09:09] ADD name=2.74M_0805 mpn=RC0805FR-072M74L lcsc=C483055 resistance=2.74MΩ package=0805
[2026-08-19T09:09:09] ADD name=2.87K_0805 mpn=RC0805FR-072K87L lcsc=C137553 resistance=2.87kΩ package=0805
[2026-08-19T09:09:09] ADD name=2.87M_0805 mpn=RC0805FR-072M87L lcsc=C483058 resistance=2.87MΩ package=0805
[2026-08-19T09:09:09] ADD name=2.8K_0402 mpn=RC0402FR-072K8L lcsc=C138016 resistance=2.8kΩ package=0402
[2026-08-19T09:09:09] ADD name=2.94K_0402 mpn=RC0402FR-072K94L lcsc=C273724 resistance=2.94kΩ package=0402
[2026-08-19T09:09:09] ADD name=20.5K_0402 mpn=RC0402FR-0720K5L lcsc=C185445 resistance=20.5kΩ package=0402
[2026-08-19T09:09:09] ADD name=20.5K_0603 mpn=RC0603FR-0720K5L lcsc=C273789 resistance=20.5kΩ package=0603
[2026-08-19T09:09:09] ADD name=20.5K_0805 mpn=RC0805FR-0720K5L lcsc=C276299 resistance=20.5kΩ package=0805
[2026-08-19T09:09:09] ADD name=20.5R_0603 mpn=RC0603FR-0720R5L lcsc=C245934 resistance=20.5Ω package=0603
[2026-08-19T09:09:09] ADD name=200K_0402 mpn=RC0402FR-07200KL lcsc=C114763 resistance=200kΩ package=0402
[2026-08-19T09:09:09] ADD name=200K_0603 mpn=RC0603FR-07200KL lcsc=C105574 resistance=200kΩ package=0603
[2026-08-19T09:09:09] ADD name=200K_0805 mpn=RC0805FR-07200KL lcsc=C114562 resistance=200kΩ package=0805
[2026-08-19T09:09:09] ADD name=200R_0402 mpn=RC0402FR-07200RL lcsc=C114764 resistance=200Ω package=0402
[2026-08-19T09:09:09] ADD name=200R_0805 mpn=RC0805FR-07200RL lcsc=C114567 resistance=200Ω package=0805
[2026-08-19T09:09:09] ADD name=205K_0402 mpn=RC0402FR-07205KL lcsc=C477669 resistance=205kΩ package=0402
[2026-08-19T09:09:09] ADD name=205K_0603 mpn=RC0603FR-07205KL lcsc=C185351 resistance=205kΩ package=0603
[2026-08-19T09:09:09] ADD name=205K_0805 mpn=RC0805FR-07205KL lcsc=C273860 resistance=205kΩ package=0805
[2026-08-19T09:09:09] ADD name=20K_0805 mpn=RC0805FR-0720KL lcsc=C114566 resistance=20kΩ package=0805
[2026-08-19T09:09:09] ADD name=20R_0402 mpn=RC0402FR-0720RL lcsc=C138031 resistance=20Ω package=0402
[2026-08-19T09:09:09] ADD name=20R_0603 mpn=RC0603FR-0720RL lcsc=C125758 resistance=20Ω package=0603
[2026-08-19T09:09:09] ADD name=20R_0805 mpn=RC0805FR-0720RL lcsc=C114557 resistance=20Ω package=0805
[2026-08-19T09:09:09] ADD name=21.5R_0603 mpn=RC0603FR-0721R5L lcsc=C245935 resistance=21.5Ω package=0603
[2026-08-19T09:09:09] ADD name=210K_0603 mpn=RC0603FR-07210KL lcsc=C274356 resistance=210kΩ package=0603
[2026-08-19T09:09:09] ADD name=210K_0805 mpn=RC0805FR-07210KL lcsc=C276300 resistance=210kΩ package=0805
[2026-08-19T09:09:09] ADD name=210R_0805 mpn=RC0805FR-07210RL lcsc=C483066 resistance=210Ω package=0805
[2026-08-19T09:09:09] ADD name=21K_0402 mpn=RC0402FR-0721KL lcsc=C185441 resistance=21kΩ package=0402
[2026-08-19T09:09:09] ADD name=21K_0603 mpn=RC0603FR-0721KL lcsc=C137769 resistance=21kΩ package=0603
[2026-08-19T09:09:09] ADD name=21K_0805 mpn=RC0805FR-0721KL lcsc=C137569 resistance=21kΩ package=0805
[2026-08-19T09:09:09] ADD name=22.1K_0603 mpn=RC0603FR-0722K1L lcsc=C137768 resistance=22.1kΩ package=0603
[2026-08-19T09:09:09] ADD name=22.1K_0805 mpn=RC0805FR-0722K1L lcsc=C273840 resistance=22.1kΩ package=0805
[2026-08-19T09:09:09] ADD name=22.1R_0603 mpn=RC0603FR-0722R1L lcsc=C137767 resistance=22.1Ω package=0603
[2026-08-19T09:09:09] ADD name=22.6K_0805 mpn=RC0805FR-0722K6L lcsc=C137566 resistance=22.6kΩ package=0805
[2026-08-19T09:09:09] ADD name=22.6R_0603 mpn=RC0603FR-0722R6L lcsc=C245938 resistance=22.6Ω package=0603
[2026-08-19T09:09:09] ADD name=221K_0402 mpn=RC0402FR-07221KL lcsc=C163479 resistance=221kΩ package=0402
[2026-08-19T09:09:09] ADD name=221R_0402 mpn=RC0402FR-07221RL lcsc=C185440 resistance=221Ω package=0402
[2026-08-19T09:09:09] ADD name=221R_0603 mpn=RC0603FR-07221RL lcsc=C163427 resistance=221Ω package=0603
[2026-08-19T09:09:09] ADD name=221R_0805 mpn=RC0805FR-07221RL lcsc=C483071 resistance=221Ω package=0805
[2026-08-19T09:09:09] ADD name=226K_0402 mpn=RC0402FR-07226KL lcsc=C273712 resistance=226kΩ package=0402
[2026-08-19T09:09:09] ADD name=226K_0603 mpn=RC0603FR-07226KL lcsc=C165744 resistance=226kΩ package=0603
[2026-08-19T09:09:09] ADD name=226R_0805 mpn=RC0805FR-07226RL lcsc=C327093 resistance=226Ω package=0805
[2026-08-19T09:09:09] ADD name=23.2K_0402 mpn=RC0402FR-0723K2L lcsc=C163477 resistance=23.2kΩ package=0402
[2026-08-19T09:09:09] ADD name=23.2K_0603 mpn=RC0603FR-0723K2L lcsc=C185348 resistance=23.2kΩ package=0603
[2026-08-19T09:09:09] ADD name=23.7K_0402 mpn=RC0402FR-0723K7L lcsc=C327362 resistance=23.7kΩ package=0402
[2026-08-19T09:09:09] ADD name=23.7R_0603 mpn=RC0603FR-0723R7L lcsc=C245940 resistance=23.7Ω package=0603
[2026-08-19T09:09:09] ADD name=232K_0402 mpn=RC0402FR-07232KL lcsc=C309542 resistance=232kΩ package=0402
[2026-08-19T09:09:09] ADD name=237K_0805 mpn=RC0805FR-07237KL lcsc=C137565 resistance=237kΩ package=0805
[2026-08-19T09:09:09] ADD name=24.3K_0402 mpn=RC0402FR-0724K3L lcsc=C276264 resistance=24.3kΩ package=0402
[2026-08-19T09:09:09] ADD name=24.3K_0603 mpn=RC0603FR-0724K3L lcsc=C276290 resistance=24.3kΩ package=0603
[2026-08-19T09:09:09] ADD name=24.9K_0603 mpn=RC0603FR-0724K9L lcsc=C137761 resistance=24.9kΩ package=0603
[2026-08-19T09:09:09] ADD name=24.9R_0603 mpn=RC0603FR-0724R9L lcsc=C137759 resistance=24.9Ω package=0603
[2026-08-19T09:09:09] ADD name=243K_0603 mpn=RC0603FR-07243KL lcsc=C137764 resistance=243kΩ package=0603
[2026-08-19T09:09:09] ADD name=243R_0805 mpn=RC0805FR-07243RL lcsc=C295889 resistance=243Ω package=0805
[2026-08-19T09:09:09] ADD name=25.5K_0402 mpn=RC0402FR-0725K5L lcsc=C273695 resistance=25.5kΩ package=0402
[2026-08-19T09:09:09] ADD name=25.5K_0603 mpn=RC0603FR-0725K5L lcsc=C273793 resistance=25.5kΩ package=0603
[2026-08-19T09:09:09] ADD name=25.5R_0402 mpn=RC0402FR-0725R5L lcsc=C138024 resistance=25.5Ω package=0402
[2026-08-19T09:09:09] ADD name=25.5R_0603 mpn=RC0603FR-0725R5L lcsc=C245942 resistance=25.5Ω package=0603
[2026-08-19T09:09:09] ADD name=255K_0402 mpn=RC0402FR-07255KL lcsc=C327361 resistance=255kΩ package=0402
[2026-08-19T09:09:09] ADD name=255K_0603 mpn=RC0603FR-07255KL lcsc=C295887 resistance=255kΩ package=0603
[2026-08-19T09:09:09] ADD name=255K_0805 mpn=RC0805FR-07255KL lcsc=C273871 resistance=255kΩ package=0805
[2026-08-19T09:09:09] ADD name=255R_0603 mpn=RC0603FR-07255RL lcsc=C137757 resistance=255Ω package=0603
[2026-08-19T09:09:09] ADD name=26.1K_0603 mpn=RC0603FR-0726K1L lcsc=C482816 resistance=26.1kΩ package=0603
[2026-08-19T09:09:09] ADD name=26.7K_0402 mpn=RC0402FR-0726K7L lcsc=C138023 resistance=26.7kΩ package=0402
[2026-08-19T09:09:09] ADD name=26.7K_0603 mpn=RC0603FR-0726K7L lcsc=C137756 resistance=26.7kΩ package=0603
[2026-08-19T09:09:09] ADD name=26.7R_0402 mpn=RC0402FR-0726R7L lcsc=C477679 resistance=26.7Ω package=0402
[2026-08-19T09:09:09] ADD name=261R_0402 mpn=RC0402FR-07261RL lcsc=C273335 resistance=261Ω package=0402
[2026-08-19T09:09:09] ADD name=261R_0805 mpn=RC0805FR-07261RL lcsc=C309570 resistance=261Ω package=0805
[2026-08-19T09:09:09] ADD name=267R_0805 mpn=RC0805FR-07267RL lcsc=C483078 resistance=267Ω package=0805
[2026-08-19T09:09:09] ADD name=27.4K_0402 mpn=RC0402FR-0727K4L lcsc=C273730 resistance=27.4kΩ package=0402
[2026-08-19T09:09:09] ADD name=27.4R_0402 mpn=RC0402FR-0727R4L lcsc=C274349 resistance=27.4Ω package=0402
[2026-08-19T09:09:09] ADD name=274K_0402 mpn=RC0402FR-07274KL lcsc=C185435 resistance=274kΩ package=0402
[2026-08-19T09:09:09] ADD name=274R_0603 mpn=RC0603FR-07274RL lcsc=C482819 resistance=274Ω package=0603
[2026-08-19T09:09:09] ADD name=28.7K_0402 mpn=RC0402FR-0728K7L lcsc=C185433 resistance=28.7kΩ package=0402
[2026-08-19T09:09:09] ADD name=28.7R_0402 mpn=RC0402FR-0728R7L lcsc=C477680 resistance=28.7Ω package=0402
[2026-08-19T09:09:09] ADD name=280K_0402 mpn=RC0402FR-07280KL lcsc=C185434 resistance=280kΩ package=0402
[2026-08-19T09:09:09] ADD name=287K_0402 mpn=RC0402FR-07287KL lcsc=C327358 resistance=287kΩ package=0402
[2026-08-19T09:09:09] ADD name=287K_0805 mpn=RC0805FR-07287KL lcsc=C273973 resistance=287kΩ package=0805
[2026-08-19T09:09:09] ADD name=287R_0402 mpn=RC0402FR-07287RL lcsc=C375493 resistance=287Ω package=0402
[2026-08-19T09:09:09] ADD name=28K_0402 mpn=RC0402FR-0728KL lcsc=C138020 resistance=28kΩ package=0402
[2026-08-19T09:09:09] ADD name=28K_0603 mpn=RC0603FR-0728KL lcsc=C273777 resistance=28kΩ package=0603
[2026-08-19T09:09:09] ADD name=28R_0402 mpn=RC0402FR-0728RL lcsc=C477681 resistance=28Ω package=0402
[2026-08-19T09:09:09] ADD name=29.4K_0805 mpn=RC0805FR-0729K4L lcsc=C273956 resistance=29.4kΩ package=0805
[2026-08-19T09:09:09] ADD name=294K_0402 mpn=RC0402FR-07294KL lcsc=C327357 resistance=294kΩ package=0402
[2026-08-19T09:09:09] ADD name=294K_0805 mpn=RC0805FR-07294KL lcsc=C483087 resistance=294kΩ package=0805
[2026-08-19T09:09:09] ADD name=294R_0402 mpn=RC0402FR-07294RL lcsc=C477682 resistance=294Ω package=0402
[2026-08-19T09:09:09] ADD name=2K_0603 mpn=RC0603FR-072KL lcsc=C105576 resistance=2kΩ package=0603
[2026-08-19T09:09:09] ADD name=2K_0805 mpn=RC0805FR-072KL lcsc=C114572 resistance=2kΩ package=0805
[2026-08-19T09:09:09] ADD name=2M_0402 mpn=RC0402FR-072ML lcsc=C138014 resistance=2MΩ package=0402
[2026-08-19T09:09:09] ADD name=2M_0805 mpn=RC0805FR-072ML lcsc=C114532 resistance=2MΩ package=0805
[2026-08-19T09:09:09] ADD name=3.01K_0402 mpn=RC0402FR-073K01L lcsc=C137994 resistance=3.01kΩ package=0402
[2026-08-19T09:09:09] ADD name=3.01K_0603 mpn=RC0603FR-073K01L lcsc=C137732 resistance=3.01kΩ package=0603
[2026-08-19T09:09:09] ADD name=3.01K_0805 mpn=RC0805FR-073K01L lcsc=C273804 resistance=3.01kΩ package=0805
[2026-08-19T09:09:09] ADD name=3.01M_0805 mpn=RC0805FR-073M01L lcsc=C483088 resistance=3.01MΩ package=0805
[2026-08-19T09:09:09] ADD name=3.09K_0402 mpn=RC0402FR-073K09L lcsc=C185419 resistance=3.09kΩ package=0402
[2026-08-19T09:09:09] ADD name=3.09K_0805 mpn=RC0805FR-073K09L lcsc=C274002 resistance=3.09kΩ package=0805
[2026-08-19T09:09:09] ADD name=3.09M_0805 mpn=RC0805FR-073M09L lcsc=C483089 resistance=3.09MΩ package=0805
[2026-08-19T09:09:09] ADD name=3.16K_0402 mpn=RC0402FR-073K16L lcsc=C163466 resistance=3.16kΩ package=0402
[2026-08-19T09:09:09] ADD name=3.16K_0603 mpn=RC0603FR-073K16L lcsc=C185333 resistance=3.16kΩ package=0603
[2026-08-19T09:09:09] ADD name=3.16M_0603 mpn=RC0603FR-073M16L lcsc=C482825 resistance=3.16MΩ package=0603
[2026-08-19T09:09:09] ADD name=3.24K_0805 mpn=RC0805FR-073K24L lcsc=C273976 resistance=3.24kΩ package=0805
[2026-08-19T09:09:09] ADD name=3.24M_0603 mpn=RC0603FR-073M24L lcsc=C482826 resistance=3.24MΩ package=0603
[2026-08-19T09:09:09] ADD name=3.32K_0402 mpn=RC0402FR-073K32L lcsc=C137993 resistance=3.32kΩ package=0402
[2026-08-19T09:09:09] ADD name=3.32K_0805 mpn=RC0805FR-073K32L lcsc=C483094 resistance=3.32kΩ package=0805
[2026-08-19T09:09:09] ADD name=3.48K_0402 mpn=RC0402FR-073K48L lcsc=C185418 resistance=3.48kΩ package=0402
[2026-08-19T09:09:09] ADD name=3.48K_0603 mpn=RC0603FR-073K48L lcsc=C273778 resistance=3.48kΩ package=0603
[2026-08-19T09:09:09] ADD name=3.48M_0402 mpn=RC0402FR-073M48L lcsc=C477694 resistance=3.48MΩ package=0402
[2026-08-19T09:09:09] ADD name=3.48M_0805 mpn=RC0805FR-073M48L lcsc=C483097 resistance=3.48MΩ package=0805
[2026-08-19T09:09:09] ADD name=3.4K_0603 mpn=RC0603FR-073K4L lcsc=C165758 resistance=3.4kΩ package=0603
[2026-08-19T09:09:09] ADD name=3.4K_0805 mpn=RC0805FR-073K4L lcsc=C483099 resistance=3.4kΩ package=0805
[2026-08-19T09:09:09] ADD name=3.57K_0402 mpn=RC0402FR-073K57L lcsc=C137991 resistance=3.57kΩ package=0402
[2026-08-19T09:09:09] ADD name=3.57K_0603 mpn=RC0603FR-073K57L lcsc=C185332 resistance=3.57kΩ package=0603
[2026-08-19T09:09:09] ADD name=3.65M_0603 mpn=RC0603FR-073M65L lcsc=C482835 resistance=3.65MΩ package=0603
[2026-08-19T09:09:09] ADD name=3.74K_0402 mpn=RC0402FR-073K74L lcsc=C137989 resistance=3.74kΩ package=0402
[2026-08-19T09:09:09] ADD name=3.74K_0603 mpn=RC0603FR-073K74L lcsc=C137728 resistance=3.74kΩ package=0603
[2026-08-19T09:09:09] ADD name=3.74K_0805 mpn=RC0805FR-073K74L lcsc=C273867 resistance=3.74kΩ package=0805
[2026-08-19T09:09:09] ADD name=3.74M_0603 mpn=RC0603FR-073M74L lcsc=C482838 resistance=3.74MΩ package=0603
[2026-08-19T09:09:09] ADD name=3.83M_0603 mpn=RC0603FR-073M83L lcsc=C482841 resistance=3.83MΩ package=0603
[2026-08-19T09:09:09] ADD name=3.83M_0805 mpn=RC0805FR-073M83L lcsc=C483109 resistance=3.83MΩ package=0805
[2026-08-19T09:09:09] ADD name=3.92K_0402 mpn=RC0402FR-073K92L lcsc=C137988 resistance=3.92kΩ package=0402
[2026-08-19T09:09:09] ADD name=3.92K_0603 mpn=RC0603FR-073K92L lcsc=C188252 resistance=3.92kΩ package=0603
[2026-08-19T09:09:09] ADD name=3.92M_0402 mpn=RC0402FR-073M92L lcsc=C477709 resistance=3.92MΩ package=0402
[2026-08-19T09:09:09] ADD name=30.1K_0603 mpn=RC0603FR-0730K1L lcsc=C137745 resistance=30.1kΩ package=0603
[2026-08-19T09:09:09] ADD name=30.1K_0805 mpn=RC0805FR-0730K1L lcsc=C163407 resistance=30.1kΩ package=0805
[2026-08-19T09:09:09] ADD name=30.1R_0402 mpn=RC0402FR-0730R1L lcsc=C273706 resistance=30.1Ω package=0402
[2026-08-19T09:09:09] ADD name=30.9K_0402 mpn=RC0402FR-0730K9L lcsc=C185428 resistance=30.9kΩ package=0402
[2026-08-19T09:09:09] ADD name=30.9R_0603 mpn=RC0603FR-0730R9L lcsc=C245953 resistance=30.9Ω package=0603
[2026-08-19T09:09:09] ADD name=301K_0402 mpn=RC0402FR-07301KL lcsc=C171693 resistance=301kΩ package=0402
[2026-08-19T09:09:09] ADD name=301K_0603 mpn=RC0603FR-07301KL lcsc=C273742 resistance=301kΩ package=0603
[2026-08-19T09:09:09] ADD name=301K_0805 mpn=RC0805FR-07301KL lcsc=C137546 resistance=301kΩ package=0805
[2026-08-19T09:09:09] ADD name=301R_0603 mpn=RC0603FR-07301RL lcsc=C482847 resistance=301Ω package=0603
[2026-08-19T09:09:09] ADD name=301R_0805 mpn=RC0805FR-07301RL lcsc=C273814 resistance=301Ω package=0805
[2026-08-19T09:09:09] ADD name=309K_0402 mpn=RC0402FR-07309KL lcsc=C171694 resistance=309kΩ package=0402
[2026-08-19T09:09:09] ADD name=309K_0805 mpn=RC0805FR-07309KL lcsc=C273874 resistance=309kΩ package=0805
[2026-08-19T09:09:09] ADD name=309R_0603 mpn=RC0603FR-07309RL lcsc=C273781 resistance=309Ω package=0603
[2026-08-19T09:09:09] ADD name=31.6K_0402 mpn=RC0402FR-0731K6L lcsc=C276265 resistance=31.6kΩ package=0402
[2026-08-19T09:09:09] ADD name=31.6K_0603 mpn=RC0603FR-0731K6L lcsc=C185339 resistance=31.6kΩ package=0603
[2026-08-19T09:09:09] ADD name=31.6K_0805 mpn=RC0805FR-0731K6L lcsc=C483116 resistance=31.6kΩ package=0805
[2026-08-19T09:09:09] ADD name=31.6R_0603 mpn=RC0603FR-0731R6L lcsc=C273790 resistance=31.6Ω package=0603
[2026-08-19T09:09:09] ADD name=316K_0402 mpn=RC0402FR-07316KL lcsc=C185427 resistance=316kΩ package=0402
[2026-08-19T09:09:09] ADD name=316K_0603 mpn=RC0603FR-07316KL lcsc=C185340 resistance=316kΩ package=0603
[2026-08-19T09:09:09] ADD name=32.4K_0402 mpn=RC0402FR-0732K4L lcsc=C185425 resistance=32.4kΩ package=0402
[2026-08-19T09:09:09] ADD name=324K_0402 mpn=RC0402FR-07324KL lcsc=C185426 resistance=324kΩ package=0402
[2026-08-19T09:09:09] ADD name=33.2K_0603 mpn=RC0603FR-0733K2L lcsc=C185338 resistance=33.2kΩ package=0603
[2026-08-19T09:09:09] ADD name=33.2R_0402 mpn=RC0402FR-0733R2L lcsc=C276266 resistance=33.2Ω package=0402
[2026-08-19T09:09:09] ADD name=332K_0402 mpn=RC0402FR-07332KL lcsc=C138005 resistance=332kΩ package=0402
[2026-08-19T09:09:09] ADD name=332K_0805 mpn=RC0805FR-07332KL lcsc=C137544 resistance=332kΩ package=0805
[2026-08-19T09:09:09] ADD name=332R_0805 mpn=RC0805FR-07332RL lcsc=C483121 resistance=332Ω package=0805
[2026-08-19T09:09:09] ADD name=34.8K_0402 mpn=RC0402FR-0734K8L lcsc=C327350 resistance=34.8kΩ package=0402
[2026-08-19T09:09:09] ADD name=34.8K_0603 mpn=RC0603FR-0734K8L lcsc=C137741 resistance=34.8kΩ package=0603
[2026-08-19T09:09:09] ADD name=34.8R_0805 mpn=RC0805FR-0734R8L lcsc=C483124 resistance=34.8Ω package=0805
[2026-08-19T09:09:09] ADD name=340K_0402 mpn=RC0402FR-07340KL lcsc=C273336 resistance=340kΩ package=0402
[2026-08-19T09:09:09] ADD name=340K_0603 mpn=RC0603FR-07340KL lcsc=C185337 resistance=340kΩ package=0603
[2026-08-19T09:09:09] ADD name=348K_0402 mpn=RC0402FR-07348KL lcsc=C273713 resistance=348kΩ package=0402
[2026-08-19T09:09:09] ADD name=348K_0603 mpn=RC0603FR-07348KL lcsc=C273746 resistance=348kΩ package=0603
[2026-08-19T09:09:09] ADD name=348R_0805 mpn=RC0805FR-07348RL lcsc=C273881 resistance=348Ω package=0805
[2026-08-19T09:09:09] ADD name=34K_0402 mpn=RC0402FR-0734KL lcsc=C412507 resistance=34kΩ package=0402
[2026-08-19T09:09:09] ADD name=35.7K_0603 mpn=RC0603FR-0735K7L lcsc=C273796 resistance=35.7kΩ package=0603
[2026-08-19T09:09:09] ADD name=357K_0603 mpn=RC0603FR-07357KL lcsc=C273760 resistance=357kΩ package=0603
[2026-08-19T09:09:09] ADD name=357R_0603 mpn=RC0603FR-07357RL lcsc=C245955 resistance=357Ω package=0603
[2026-08-19T09:09:09] ADD name=36.5K_0603 mpn=RC0603FR-0736K5L lcsc=C137738 resistance=36.5kΩ package=0603
[2026-08-19T09:09:09] ADD name=365K_0402 mpn=RC0402FR-07365KL lcsc=C276268 resistance=365kΩ package=0402
[2026-08-19T09:09:09] ADD name=365K_0603 mpn=RC0603FR-07365KL lcsc=C185336 resistance=365kΩ package=0603
[2026-08-19T09:09:09] ADD name=37.4K_0402 mpn=RC0402FR-0737K4L lcsc=C185422 resistance=37.4kΩ package=0402
[2026-08-19T09:09:09] ADD name=37.4K_0603 mpn=RC0603FR-0737K4L lcsc=C163425 resistance=37.4kΩ package=0603
[2026-08-19T09:09:09] ADD name=37.4K_0805 mpn=RC0805FR-0737K4L lcsc=C276304 resistance=37.4kΩ package=0805
[2026-08-19T09:09:09] ADD name=37.4R_0402 mpn=RC0402FR-0737R4L lcsc=C163469 resistance=37.4Ω package=0402
[2026-08-19T09:09:09] ADD name=38.3K_0402 mpn=RC0402FR-0738K3L lcsc=C273719 resistance=38.3kΩ package=0402
[2026-08-19T09:09:09] ADD name=38.3K_0603 mpn=RC0603FR-0738K3L lcsc=C137736 resistance=38.3kΩ package=0603
[2026-08-19T09:09:09] ADD name=383K_0402 mpn=RC0402FR-07383KL lcsc=C163468 resistance=383kΩ package=0402
[2026-08-19T09:09:09] ADD name=383K_0603 mpn=RC0603FR-07383KL lcsc=C245960 resistance=383kΩ package=0603
[2026-08-19T09:09:09] ADD name=39.2K_0402 mpn=RC0402FR-0739K2L lcsc=C137996 resistance=39.2kΩ package=0402
[2026-08-19T09:09:09] ADD name=39.2K_0603 mpn=RC0603FR-0739K2L lcsc=C137734 resistance=39.2kΩ package=0603
[2026-08-19T09:09:09] ADD name=39.2K_0805 mpn=RC0805FR-0739K2L lcsc=C273844 resistance=39.2kΩ package=0805
[2026-08-19T09:09:09] ADD name=39.2R_0603 mpn=RC0603FR-0739R2L lcsc=C245965 resistance=39.2Ω package=0603
[2026-08-19T09:09:09] ADD name=39.2R_0805 mpn=RC0805FR-0739R2L lcsc=C470026 resistance=39.2Ω package=0805
[2026-08-19T09:09:09] ADD name=392K_0603 mpn=RC0603FR-07392KL lcsc=C245963 resistance=392kΩ package=0603
[2026-08-19T09:09:09] ADD name=392K_0805 mpn=RC0805FR-07392KL lcsc=C273847 resistance=392kΩ package=0805
[2026-08-19T09:09:09] ADD name=392R_0402 mpn=RC0402FR-07392RL lcsc=C274891 resistance=392Ω package=0402
[2026-08-19T09:09:09] ADD name=392R_0805 mpn=RC0805FR-07392RL lcsc=C483130 resistance=392Ω package=0805
[2026-08-19T09:09:09] ADD name=4.02K_0402 mpn=RC0402FR-074K02L lcsc=C137968 resistance=4.02kΩ package=0402
[2026-08-19T09:09:09] ADD name=4.02K_0603 mpn=RC0603FR-074K02L lcsc=C141679 resistance=4.02kΩ package=0603
[2026-08-19T09:09:09] ADD name=4.02K_0805 mpn=RC0805FR-074K02L lcsc=C246034 resistance=4.02kΩ package=0805
[2026-08-19T09:09:09] ADD name=4.12K_0805 mpn=RC0805FR-074K12L lcsc=C273950 resistance=4.12kΩ package=0805
[2026-08-19T09:09:09] ADD name=4.12M_0402 mpn=RC0402FR-074M12L lcsc=C477719 resistance=4.12MΩ package=0402
[2026-08-19T09:09:09] ADD name=4.12M_0603 mpn=RC0603FR-074M12L lcsc=C482851 resistance=4.12MΩ package=0603
[2026-08-19T09:09:09] ADD name=4.22K_0402 mpn=RC0402FR-074K22L lcsc=C185410 resistance=4.22kΩ package=0402
[2026-08-19T09:09:09] ADD name=4.22K_0805 mpn=RC0805FR-074K22L lcsc=C273912 resistance=4.22kΩ package=0805
[2026-08-19T09:09:09] ADD name=4.32K_0603 mpn=RC0603FR-074K32L lcsc=C273795 resistance=4.32kΩ package=0603
[2026-08-19T09:09:09] ADD name=4.32M_0805 mpn=RC0805FR-074M32L lcsc=C483140 resistance=4.32MΩ package=0805
[2026-08-19T09:09:09] ADD name=4.42K_0402 mpn=RC0402FR-074K42L lcsc=C137967 resistance=4.42kΩ package=0402
[2026-08-19T09:09:09] ADD name=4.42K_0603 mpn=RC0603FR-074K42L lcsc=C482858 resistance=4.42kΩ package=0603
[2026-08-19T09:09:09] ADD name=4.42M_0805 mpn=RC0805FR-074M42L lcsc=C483142 resistance=4.42MΩ package=0805
[2026-08-19T09:09:09] ADD name=4.53K_0402 mpn=RC0402FR-074K53L lcsc=C276271 resistance=4.53kΩ package=0402
[2026-08-19T09:09:09] ADD name=4.53K_0603 mpn=RC0603FR-074K53L lcsc=C273802 resistance=4.53kΩ package=0603
[2026-08-19T09:09:09] ADD name=4.53M_0402 mpn=RC0402FR-074M53L lcsc=C137964 resistance=4.53MΩ package=0402
[2026-08-19T09:09:09] ADD name=4.53M_0805 mpn=RC0805FR-074M53L lcsc=C483144 resistance=4.53MΩ package=0805
[2026-08-19T09:09:09] ADD name=4.64K_0603 mpn=RC0603FR-074K64L lcsc=C137711 resistance=4.64kΩ package=0603
[2026-08-19T09:09:09] ADD name=4.75K_0402 mpn=RC0402FR-074K75L lcsc=C137966 resistance=4.75kΩ package=0402
[2026-08-19T09:09:09] ADD name=4.75K_0603 mpn=RC0603FR-074K75L lcsc=C137710 resistance=4.75kΩ package=0603
[2026-08-19T09:09:09] ADD name=4.75K_0805 mpn=RC0805FR-074K75L lcsc=C137517 resistance=4.75kΩ package=0805
[2026-08-19T09:09:09] ADD name=4.87K_0603 mpn=RC0603FR-074K87L lcsc=C137709 resistance=4.87kΩ package=0603
[2026-08-19T09:09:09] ADD name=4.87K_0805 mpn=RC0805FR-074K87L lcsc=C412133 resistance=4.87kΩ package=0805
[2026-08-19T09:09:09] ADD name=4.99K_0402 mpn=RC0402FR-074K99L lcsc=C137965 resistance=4.99kΩ package=0402
[2026-08-19T09:09:09] ADD name=4.99K_0603 mpn=RC0603FR-074K99L lcsc=C114621 resistance=4.99kΩ package=0603
[2026-08-19T09:09:09] ADD name=4.99K_0805 mpn=RC0805FR-074K99L lcsc=C114542 resistance=4.99kΩ package=0805
[2026-08-19T09:09:09] ADD name=40.2K_0402 mpn=RC0402FR-0740K2L lcsc=C137983 resistance=40.2kΩ package=0402
[2026-08-19T09:09:09] ADD name=40.2K_0603 mpn=RC0603FR-0740K2L lcsc=C137723 resistance=40.2kΩ package=0603
[2026-08-19T09:09:09] ADD name=40.2K_0805 mpn=RC0805FR-0740K2L lcsc=C273827 resistance=40.2kΩ package=0805
[2026-08-19T09:09:09] ADD name=40.2R_0603 mpn=RC0603FR-0740R2L lcsc=C273759 resistance=40.2Ω package=0603
[2026-08-19T09:09:09] ADD name=402K_0402 mpn=RC0402FR-07402KL lcsc=C327345 resistance=402kΩ package=0402
[2026-08-19T09:09:09] ADD name=402R_0402 mpn=RC0402FR-07402RL lcsc=C137984 resistance=402Ω package=0402
[2026-08-19T09:09:09] ADD name=41.2K_0402 mpn=RC0402FR-0741K2L lcsc=C185416 resistance=41.2kΩ package=0402
[2026-08-19T09:09:09] ADD name=41.2K_0603 mpn=RC0603FR-0741K2L lcsc=C185330 resistance=41.2kΩ package=0603
[2026-08-19T09:09:09] ADD name=412R_0402 mpn=RC0402FR-07412RL lcsc=C245890 resistance=412Ω package=0402
[2026-08-19T09:09:09] ADD name=412R_0805 mpn=RC0805FR-07412RL lcsc=C273958 resistance=412Ω package=0805
[2026-08-19T09:09:09] ADD name=42.2K_0402 mpn=RC0402FR-0742K2L lcsc=C276270 resistance=42.2kΩ package=0402
[2026-08-19T09:09:09] ADD name=42.2K_0603 mpn=RC0603FR-0742K2L lcsc=C273741 resistance=42.2kΩ package=0603
[2026-08-19T09:09:09] ADD name=422K_0402 mpn=RC0402FR-07422KL lcsc=C477738 resistance=422kΩ package=0402
[2026-08-19T09:09:09] ADD name=422R_0805 mpn=RC0805FR-07422RL lcsc=C274363 resistance=422Ω package=0805
[2026-08-19T09:09:09] ADD name=43.2K_0805 mpn=RC0805FR-0743K2L lcsc=C137525 resistance=43.2kΩ package=0805
[2026-08-19T09:09:09] ADD name=43.2R_0805 mpn=RC0805FR-0743R2L lcsc=C483157 resistance=43.2Ω package=0805
[2026-08-19T09:09:09] ADD name=432R_0402 mpn=RC0402FR-07432RL lcsc=C137981 resistance=432Ω package=0402
[2026-08-19T09:09:09] ADD name=432R_0805 mpn=RC0805FR-07432RL lcsc=C273898 resistance=432Ω package=0805
[2026-08-19T09:09:09] ADD name=44.2K_0402 mpn=RC0402FR-0744K2L lcsc=C354260 resistance=44.2kΩ package=0402
[2026-08-19T09:09:09] ADD name=44.2K_0603 mpn=RC0603FR-0744K2L lcsc=C95684 resistance=44.2kΩ package=0603
[2026-08-19T09:09:09] ADD name=44.2R_0805 mpn=RC0805FR-0744R2L lcsc=C483159 resistance=44.2Ω package=0805
[2026-08-19T09:09:09] ADD name=442K_0603 mpn=RC0603FR-07442KL lcsc=C185327 resistance=442kΩ package=0603
[2026-08-19T09:09:09] ADD name=442R_0603 mpn=RC0603FR-07442RL lcsc=C482870 resistance=442Ω package=0603
[2026-08-19T09:09:09] ADD name=442R_0805 mpn=RC0805FR-07442RL lcsc=C483160 resistance=442Ω package=0805
[2026-08-19T09:09:09] ADD name=45.3K_0402 mpn=RC0402FR-0745K3L lcsc=C137977 resistance=45.3kΩ package=0402
[2026-08-19T09:09:09] ADD name=453K_0402 mpn=RC0402FR-07453KL lcsc=C137978 resistance=453kΩ package=0402
[2026-08-19T09:09:09] ADD name=453K_0603 mpn=RC0603FR-07453KL lcsc=C273765 resistance=453kΩ package=0603
[2026-08-19T09:09:09] ADD name=453K_0805 mpn=RC0805FR-07453KL lcsc=C276305 resistance=453kΩ package=0805
[2026-08-19T09:09:09] ADD name=46.4K_0402 mpn=RC0402FR-0746K4L lcsc=C185412 resistance=46.4kΩ package=0402
[2026-08-19T09:09:09] ADD name=46.4K_0805 mpn=RC0805FR-0746K4L lcsc=C483162 resistance=46.4kΩ package=0805
[2026-08-19T09:09:09] ADD name=464K_0402 mpn=RC0402FR-07464KL lcsc=C477740 resistance=464kΩ package=0402
[2026-08-19T09:09:09] ADD name=464K_0805 mpn=RC0805FR-07464KL lcsc=C137522 resistance=464kΩ package=0805
[2026-08-19T09:09:09] ADD name=464R_0402 mpn=RC0402FR-07464RL lcsc=C477741 resistance=464Ω package=0402
[2026-08-19T09:09:09] ADD name=47.5K_0402 mpn=RC0402FR-0747K5L lcsc=C137974 resistance=47.5kΩ package=0402
[2026-08-19T09:09:09] ADD name=47.5K_0603 mpn=RC0603FR-0747K5L lcsc=C137715 resistance=47.5kΩ package=0603
[2026-08-19T09:09:09] ADD name=47.5K_0805 mpn=RC0805FR-0747K5L lcsc=C137519 resistance=47.5kΩ package=0805
[2026-08-19T09:09:09] ADD name=47.5R_0402 mpn=RC0402FR-0747R5L lcsc=C273344 resistance=47.5Ω package=0402
[2026-08-19T09:09:09] ADD name=47.5R_0603 mpn=RC0603FR-0747R5L lcsc=C185326 resistance=47.5Ω package=0603
[2026-08-19T09:09:09] ADD name=475K_0402 mpn=RC0402FR-07475KL lcsc=C477742 resistance=475kΩ package=0402
[2026-08-19T09:09:09] ADD name=475K_0603 mpn=RC0603FR-07475KL lcsc=C137717 resistance=475kΩ package=0603
[2026-08-19T09:09:09] ADD name=475R_0603 mpn=RC0603FR-07475RL lcsc=C137716 resistance=475Ω package=0603
[2026-08-19T09:09:09] ADD name=48.7K_0402 mpn=RC0402FR-0748K7L lcsc=C137972 resistance=48.7kΩ package=0402
[2026-08-19T09:09:09] ADD name=48.7K_0603 mpn=RC0603FR-0748K7L lcsc=C165749 resistance=48.7kΩ package=0603
[2026-08-19T09:09:09] ADD name=487K_0402 mpn=RC0402FR-07487KL lcsc=C477743 resistance=487kΩ package=0402
[2026-08-19T09:09:09] ADD name=487R_0402 mpn=RC0402FR-07487RL lcsc=C327341 resistance=487Ω package=0402
[2026-08-19T09:09:09] ADD name=49.9K_0402 mpn=RC0402FR-0749K9L lcsc=C137969 resistance=49.9kΩ package=0402
[2026-08-19T09:09:09] ADD name=49.9K_0805 mpn=RC0805FR-0749K9L lcsc=C114540 resistance=49.9kΩ package=0805
[2026-08-19T09:09:09] ADD name=49.9R_0402 mpn=RC0402FR-0749R9L lcsc=C87044 resistance=49.9Ω package=0402
[2026-08-19T09:09:09] ADD name=49.9R_0603 mpn=RC0603FR-0749R9L lcsc=C114625 resistance=49.9Ω package=0603
[2026-08-19T09:09:09] ADD name=49.9R_0805 mpn=RC0805FR-0749R9L lcsc=C132320 resistance=49.9Ω package=0805
[2026-08-19T09:09:09] ADD name=499K_0805 mpn=RC0805FR-07499KL lcsc=C274360 resistance=499kΩ package=0805
[2026-08-19T09:09:09] ADD name=499R_0402 mpn=RC0402FR-07499RL lcsc=C137970 resistance=499Ω package=0402
[2026-08-19T09:09:09] ADD name=499R_0603 mpn=RC0603FR-07499RL lcsc=C137714 resistance=499Ω package=0603
[2026-08-19T09:09:09] ADD name=499R_0805 mpn=RC0805FR-07499RL lcsc=C130458 resistance=499Ω package=0805
[2026-08-19T09:09:09] ADD name=5.11K_0402 mpn=RC0402FR-075K11L lcsc=C274895 resistance=5.11kΩ package=0402
[2026-08-19T09:09:09] ADD name=5.11K_0603 mpn=RC0603FR-075K11L lcsc=C112314 resistance=5.11kΩ package=0603
[2026-08-19T09:09:09] ADD name=5.11K_0805 mpn=RC0805FR-075K11L lcsc=C276311 resistance=5.11kΩ package=0805
[2026-08-19T09:09:09] ADD name=5.23K_0603 mpn=RC0603FR-075K23L lcsc=C185317 resistance=5.23kΩ package=0603
[2026-08-19T09:09:09] ADD name=5.23M_0402 mpn=RC0402FR-075M23L lcsc=C477747 resistance=5.23MΩ package=0402
[2026-08-19T09:09:09] ADD name=5.36K_0402 mpn=RC0402FR-075K36L lcsc=C185407 resistance=5.36kΩ package=0402
[2026-08-19T09:09:09] ADD name=5.36K_0603 mpn=RC0603FR-075K36L lcsc=C185316 resistance=5.36kΩ package=0603
[2026-08-19T09:09:09] ADD name=5.49K_0402 mpn=RC0402FR-075K49L lcsc=C163458 resistance=5.49kΩ package=0402
[2026-08-19T09:09:09] ADD name=5.49K_0603 mpn=RC0603FR-075K49L lcsc=C188263 resistance=5.49kΩ package=0603
[2026-08-19T09:09:09] ADD name=5.62K_0402 mpn=RC0402FR-075K62L lcsc=C185406 resistance=5.62kΩ package=0402
[2026-08-19T09:09:09] ADD name=5.62K_0603 mpn=RC0603FR-075K62L lcsc=C183220 resistance=5.62kΩ package=0603
[2026-08-19T09:09:09] ADD name=5.62M_0805 mpn=RC0805FR-075M62L lcsc=C483175 resistance=5.62MΩ package=0805
[2026-08-19T09:09:09] ADD name=5.76K_0603 mpn=RC0603FR-075K76L lcsc=C273771 resistance=5.76kΩ package=0603
[2026-08-19T09:09:09] ADD name=5.9K_0402 mpn=RC0402FR-075K9L lcsc=C273691 resistance=5.9kΩ package=0402
[2026-08-19T09:09:09] ADD name=51.1K_0402 mpn=RC0402FR-0751K1L lcsc=C327339 resistance=51.1kΩ package=0402
[2026-08-19T09:09:09] ADD name=51.1K_0603 mpn=RC0603FR-0751K1L lcsc=C364359 resistance=51.1kΩ package=0603
[2026-08-19T09:09:09] ADD name=51.1R_0603 mpn=RC0603FR-0751R1L lcsc=C137702 resistance=51.1Ω package=0603
[2026-08-19T09:09:09] ADD name=511K_0603 mpn=RC0603FR-07511KL lcsc=C188257 resistance=511kΩ package=0603
[2026-08-19T09:09:09] ADD name=511R_0603 mpn=RC0603FR-07511RL lcsc=C137703 resistance=511Ω package=0603
[2026-08-19T09:09:09] ADD name=52.3R_0402 mpn=RC0402FR-0752R3L lcsc=C273696 resistance=52.3Ω package=0402
[2026-08-19T09:09:09] ADD name=523R_0402 mpn=RC0402FR-07523RL lcsc=C477762 resistance=523Ω package=0402
[2026-08-19T09:09:09] ADD name=53.6K_0402 mpn=RC0402FR-0753K6L lcsc=C273330 resistance=53.6kΩ package=0402
[2026-08-19T09:09:09] ADD name=536K_0402 mpn=RC0402FR-07536KL lcsc=C327337 resistance=536kΩ package=0402
[2026-08-19T09:09:09] ADD name=536K_0603 mpn=RC0603FR-07536KL lcsc=C137701 resistance=536kΩ package=0603
[2026-08-19T09:09:09] ADD name=536R_0402 mpn=RC0402FR-07536RL lcsc=C273735 resistance=536Ω package=0402
[2026-08-19T09:09:09] ADD name=549K_0402 mpn=RC0402FR-07549KL lcsc=C98868 resistance=549kΩ package=0402
[2026-08-19T09:09:09] ADD name=549K_0603 mpn=RC0603FR-07549KL lcsc=C245978 resistance=549kΩ package=0603
[2026-08-19T09:09:09] ADD name=549R_0402 mpn=RC0402FR-07549RL lcsc=C274894 resistance=549Ω package=0402
[2026-08-19T09:09:09] ADD name=56.2K_0402 mpn=RC0402FR-0756K2L lcsc=C183355 resistance=56.2kΩ package=0402
[2026-08-19T09:09:09] ADD name=562K_0805 mpn=RC0805FR-07562KL lcsc=C273858 resistance=562kΩ package=0805
[2026-08-19T09:09:09] ADD name=562R_0402 mpn=RC0402FR-07562RL lcsc=C295879 resistance=562Ω package=0402
[2026-08-19T09:09:09] ADD name=57.6K_0805 mpn=RC0805FR-0757K6L lcsc=C163405 resistance=57.6kΩ package=0805
[2026-08-19T09:09:09] ADD name=57.6R_0805 mpn=RC0805FR-0757R6L lcsc=C483188 resistance=57.6Ω package=0805
[2026-08-19T09:09:09] ADD name=576K_0603 mpn=RC0603FR-07576KL lcsc=C245981 resistance=576kΩ package=0603
[2026-08-19T09:09:09] ADD name=590R_0402 mpn=RC0402FR-07590RL lcsc=C327335 resistance=590Ω package=0402
[2026-08-19T09:09:09] ADD name=590R_0603 mpn=RC0603FR-07590RL lcsc=C273786 resistance=590Ω package=0603
[2026-08-19T09:09:09] ADD name=59K_0402 mpn=RC0402FR-0759KL lcsc=C163459 resistance=59kΩ package=0402
[2026-08-19T09:09:09] ADD name=59K_0603 mpn=RC0603FR-0759KL lcsc=C309564 resistance=59kΩ package=0603
[2026-08-19T09:09:09] ADD name=59R_0603 mpn=RC0603FR-0759RL lcsc=C273801 resistance=59Ω package=0603
[2026-08-19T09:09:09] ADD name=6.04K_0402 mpn=RC0402FR-076K04L lcsc=C97819 resistance=6.04kΩ package=0402
[2026-08-19T09:09:09] ADD name=6.04K_0805 mpn=RC0805FR-076K04L lcsc=C137497 resistance=6.04kΩ package=0805
[2026-08-19T09:09:09] ADD name=6.19M_0603 mpn=RC0603FR-076M19L lcsc=C482890 resistance=6.19MΩ package=0603
[2026-08-19T09:09:09] ADD name=6.34K_0603 mpn=RC0603FR-076K34L lcsc=C185314 resistance=6.34kΩ package=0603
[2026-08-19T09:09:09] ADD name=6.34K_0805 mpn=RC0805FR-076K34L lcsc=C137496 resistance=6.34kΩ package=0805
[2026-08-19T09:09:09] ADD name=6.49K_0402 mpn=RC0402FR-076K49L lcsc=C364360 resistance=6.49kΩ package=0402
[2026-08-19T09:09:09] ADD name=6.49M_0805 mpn=RC0805FR-076M49L lcsc=C483196 resistance=6.49MΩ package=0805
[2026-08-19T09:09:09] ADD name=6.81K_0402 mpn=RC0402FR-076K81L lcsc=C137945 resistance=6.81kΩ package=0402
[2026-08-19T09:09:09] ADD name=6.81K_0603 mpn=RC0603FR-076K81L lcsc=C137687 resistance=6.81kΩ package=0603
[2026-08-19T09:09:09] ADD name=6.81M_0805 mpn=RC0805FR-076M81L lcsc=C483201 resistance=6.81MΩ package=0805
[2026-08-19T09:09:09] ADD name=6.98K_0603 mpn=RC0603FR-076K98L lcsc=C137686 resistance=6.98kΩ package=0603
[2026-08-19T09:09:09] ADD name=6.98K_0805 mpn=RC0805FR-076K98L lcsc=C273822 resistance=6.98kΩ package=0805
[2026-08-19T09:09:09] ADD name=6.98M_0402 mpn=RC0402FR-076M98L lcsc=C137942 resistance=6.98MΩ package=0402
[2026-08-19T09:09:09] ADD name=60.4K_0603 mpn=RC0603FR-0760K4L lcsc=C165742 resistance=60.4kΩ package=0603
[2026-08-19T09:09:09] ADD name=60.4K_0805 mpn=RC0805FR-0760K4L lcsc=C273994 resistance=60.4kΩ package=0805
[2026-08-19T09:09:09] ADD name=60.4R_0402 mpn=RC0402FR-0760R4L lcsc=C137954 resistance=60.4Ω package=0402
[2026-08-19T09:09:09] ADD name=60.4R_0603 mpn=RC0603FR-0760R4L lcsc=C245987 resistance=60.4Ω package=0603
[2026-08-19T09:09:09] ADD name=60.4R_0805 mpn=RC0805FR-0760R4L lcsc=C273897 resistance=60.4Ω package=0805
[2026-08-19T09:09:09] ADD name=604K_0805 mpn=RC0805FR-07604KL lcsc=C483204 resistance=604kΩ package=0805
[2026-08-19T09:09:09] ADD name=604R_0603 mpn=RC0603FR-07604RL lcsc=C165741 resistance=604Ω package=0603
[2026-08-19T09:09:09] ADD name=61.9K_0402 mpn=RC0402FR-0761K9L lcsc=C327331 resistance=61.9kΩ package=0402
[2026-08-19T09:09:09] ADD name=61.9K_0805 mpn=RC0805FR-0761K9L lcsc=C137504 resistance=61.9kΩ package=0805
[2026-08-19T09:09:09] ADD name=61.9R_0603 mpn=RC0603FR-0761R9L lcsc=C482904 resistance=61.9Ω package=0603
[2026-08-19T09:09:09] ADD name=619R_0805 mpn=RC0805FR-07619RL lcsc=C273913 resistance=619Ω package=0805
[2026-08-19T09:09:09] ADD name=63.4K_0402 mpn=RC0402FR-0763K4L lcsc=C137949 resistance=63.4kΩ package=0402
[2026-08-19T09:09:09] ADD name=63.4K_0603 mpn=RC0603FR-0763K4L lcsc=C163422 resistance=63.4kΩ package=0603
[2026-08-19T09:09:09] ADD name=634K_0402 mpn=RC0402FR-07634KL lcsc=C273705 resistance=634kΩ package=0402
[2026-08-19T09:09:09] ADD name=634R_0402 mpn=RC0402FR-07634RL lcsc=C327330 resistance=634Ω package=0402
[2026-08-19T09:09:09] ADD name=634R_0603 mpn=RC0603FR-07634RL lcsc=C245990 resistance=634Ω package=0603
[2026-08-19T09:09:09] ADD name=64.9K_0402 mpn=RC0402FR-0764K9L lcsc=C185403 resistance=64.9kΩ package=0402
[2026-08-19T09:09:09] ADD name=64.9R_0603 mpn=RC0603FR-0764R9L lcsc=C273751 resistance=64.9Ω package=0603
[2026-08-19T09:09:09] ADD name=649K_0402 mpn=RC0402FR-07649KL lcsc=C273690 resistance=649kΩ package=0402
[2026-08-19T09:09:09] ADD name=649K_0603 mpn=RC0603FR-07649KL lcsc=C245991 resistance=649kΩ package=0603
[2026-08-19T09:09:09] ADD name=66.5K_0402 mpn=RC0402FR-0766K5L lcsc=C327329 resistance=66.5kΩ package=0402
[2026-08-19T09:09:09] ADD name=66.5K_0603 mpn=RC0603FR-0766K5L lcsc=C137691 resistance=66.5kΩ package=0603
[2026-08-19T09:09:09] ADD name=66.5K_0805 mpn=RC0805FR-0766K5L lcsc=C483212 resistance=66.5kΩ package=0805
[2026-08-19T09:09:09] ADD name=66.5R_0402 mpn=RC0402FR-0766R5L lcsc=C273725 resistance=66.5Ω package=0402
[2026-08-19T09:09:09] ADD name=68.1K_0402 mpn=RC0402FR-0768K1L lcsc=C276276 resistance=68.1kΩ package=0402
[2026-08-19T09:09:09] ADD name=68.1K_0603 mpn=RC0603FR-0768K1L lcsc=C185315 resistance=68.1kΩ package=0603
[2026-08-19T09:09:09] ADD name=681K_0402 mpn=RC0402FR-07681KL lcsc=C477782 resistance=681kΩ package=0402
[2026-08-19T09:09:09] ADD name=681R_0805 mpn=RC0805FR-07681RL lcsc=C483214 resistance=681Ω package=0805
[2026-08-19T09:09:09] ADD name=69.8K_0603 mpn=RC0603FR-0769K8L lcsc=C137689 resistance=69.8kΩ package=0603
[2026-08-19T09:09:09] ADD name=698K_0402 mpn=RC0402FR-07698KL lcsc=C273714 resistance=698kΩ package=0402
[2026-08-19T09:09:09] ADD name=7.15K_0402 mpn=RC0402FR-077K15L lcsc=C185395 resistance=7.15kΩ package=0402
[2026-08-19T09:09:09] ADD name=7.15M_0402 mpn=RC0402FR-077M15L lcsc=C477783 resistance=7.15MΩ package=0402
[2026-08-19T09:09:09] ADD name=7.15M_0805 mpn=RC0805FR-077M15L lcsc=C483217 resistance=7.15MΩ package=0805
[2026-08-19T09:09:09] ADD name=7.32M_0805 mpn=RC0805FR-077M32L lcsc=C483219 resistance=7.32MΩ package=0805
[2026-08-19T09:09:09] ADD name=7.5K_0402 mpn=RC0402FR-077K5L lcsc=C137934 resistance=7.5kΩ package=0402
[2026-08-19T09:09:09] ADD name=7.5K_0603 mpn=RC0603FR-077K5L lcsc=C114634 resistance=7.5kΩ package=0603
[2026-08-19T09:09:09] ADD name=7.5K_0805 mpn=RC0805FR-077K5L lcsc=C114547 resistance=7.5kΩ package=0805
[2026-08-19T09:09:09] ADD name=7.5M_0603 mpn=RC0603FR-077M5L lcsc=C482910 resistance=7.5MΩ package=0603
[2026-08-19T09:09:09] ADD name=7.68K_0402 mpn=RC0402FR-077K68L lcsc=C155695 resistance=7.68kΩ package=0402
[2026-08-19T09:09:09] ADD name=7.68K_0603 mpn=RC0603FR-077K68L lcsc=C163419 resistance=7.68kΩ package=0603
[2026-08-19T09:09:09] ADD name=7.68K_0805 mpn=RC0805FR-077K68L lcsc=C273951 resistance=7.68kΩ package=0805
[2026-08-19T09:09:09] ADD name=7.68M_0805 mpn=RC0805FR-077M68L lcsc=C483223 resistance=7.68MΩ package=0805
[2026-08-19T09:09:09] ADD name=7.87K_0603 mpn=RC0603FR-077K87L lcsc=C137680 resistance=7.87kΩ package=0603
[2026-08-19T09:09:09] ADD name=7.87K_0805 mpn=RC0805FR-077K87L lcsc=C273910 resistance=7.87kΩ package=0805
[2026-08-19T09:09:09] ADD name=7.87M_0402 mpn=RC0402FR-077M87L lcsc=C477790 resistance=7.87MΩ package=0402
[2026-08-19T09:09:09] ADD name=71.5K_0402 mpn=RC0402FR-0771K5L lcsc=C273328 resistance=71.5kΩ package=0402
[2026-08-19T09:09:09] ADD name=715K_0402 mpn=RC0402FR-07715KL lcsc=C477792 resistance=715kΩ package=0402
[2026-08-19T09:09:09] ADD name=715K_0603 mpn=RC0603FR-07715KL lcsc=C137685 resistance=715kΩ package=0603
[2026-08-19T09:09:09] ADD name=715R_0402 mpn=RC0402FR-07715RL lcsc=C137941 resistance=715Ω package=0402
[2026-08-19T09:09:09] ADD name=73.2K_0402 mpn=RC0402FR-0773K2L lcsc=C185398 resistance=73.2kΩ package=0402
[2026-08-19T09:09:09] ADD name=73.2R_0603 mpn=RC0603FR-0773R2L lcsc=C246005 resistance=73.2Ω package=0603
[2026-08-19T09:09:09] ADD name=732K_0402 mpn=RC0402FR-07732KL lcsc=C137940 resistance=732kΩ package=0402
[2026-08-19T09:09:09] ADD name=732K_0805 mpn=RC0805FR-07732KL lcsc=C483230 resistance=732kΩ package=0805
[2026-08-19T09:09:09] ADD name=732R_0402 mpn=RC0402FR-07732RL lcsc=C137939 resistance=732Ω package=0402
[2026-08-19T09:09:09] ADD name=732R_0603 mpn=RC0603FR-07732RL lcsc=C246004 resistance=732Ω package=0603
[2026-08-19T09:09:09] ADD name=750K_0402 mpn=RC0402FR-07750KL lcsc=C137937 resistance=750kΩ package=0402
[2026-08-19T09:09:09] ADD name=750K_0603 mpn=RC0603FR-07750KL lcsc=C137684 resistance=750kΩ package=0603
[2026-08-19T09:09:09] ADD name=750K_0805 mpn=RC0805FR-07750KL lcsc=C141698 resistance=750kΩ package=0805
[2026-08-19T09:09:09] ADD name=750R_0402 mpn=RC0402FR-07750RL lcsc=C137936 resistance=750Ω package=0402
[2026-08-19T09:09:09] ADD name=750R_0603 mpn=RC0603FR-07750RL lcsc=C114635 resistance=750Ω package=0603
[2026-08-19T09:09:09] ADD name=750R_0805 mpn=RC0805FR-07750RL lcsc=C114546 resistance=750Ω package=0805
[2026-08-19T09:09:09] ADD name=75K_0603 mpn=RC0603FR-0775KL lcsc=C114636 resistance=75kΩ package=0603
[2026-08-19T09:09:09] ADD name=75K_0805 mpn=RC0805FR-0775KL lcsc=C137491 resistance=75kΩ package=0805
[2026-08-19T09:09:09] ADD name=75R_0805 mpn=RC0805FR-0775RL lcsc=C141697 resistance=75Ω package=0805
[2026-08-19T09:09:09] ADD name=76.8R_0603 mpn=RC0603FR-0776R8L lcsc=C246007 resistance=76.8Ω package=0603
[2026-08-19T09:09:09] ADD name=768K_0402 mpn=RC0402FR-07768KL lcsc=C273722 resistance=768kΩ package=0402
[2026-08-19T09:09:09] ADD name=78.7K_0402 mpn=RC0402FR-0778K7L lcsc=C163454 resistance=78.7kΩ package=0402
[2026-08-19T09:09:09] ADD name=8.06K_0402 mpn=RC0402FR-078K06L lcsc=C276278 resistance=8.06kΩ package=0402
[2026-08-19T09:09:09] ADD name=8.06K_0603 mpn=RC0603FR-078K06L lcsc=C131052 resistance=8.06kΩ package=0603
[2026-08-19T09:09:09] ADD name=8.06M_0603 mpn=RC0603FR-078M06L lcsc=C482918 resistance=8.06MΩ package=0603
[2026-08-19T09:09:09] ADD name=8.25K_0402 mpn=RC0402FR-078K25L lcsc=C185389 resistance=8.25kΩ package=0402
[2026-08-19T09:09:09] ADD name=8.25K_0603 mpn=RC0603FR-078K25L lcsc=C185307 resistance=8.25kΩ package=0603
[2026-08-19T09:09:09] ADD name=8.66K_0402 mpn=RC0402FR-078K66L lcsc=C185387 resistance=8.66kΩ package=0402
[2026-08-19T09:09:09] ADD name=8.66K_0603 mpn=RC0603FR-078K66L lcsc=C141682 resistance=8.66kΩ package=0603
[2026-08-19T09:09:09] ADD name=8.66K_0805 mpn=RC0805FR-078K66L lcsc=C137486 resistance=8.66kΩ package=0805
[2026-08-19T09:09:09] ADD name=8.66M_0402 mpn=RC0402FR-078M66L lcsc=C477801 resistance=8.66MΩ package=0402
[2026-08-19T09:09:09] ADD name=8.66M_0805 mpn=RC0805FR-078M66L lcsc=C483241 resistance=8.66MΩ package=0805
[2026-08-19T09:09:09] ADD name=8.87K_0603 mpn=RC0603FR-078K87L lcsc=C137675 resistance=8.87kΩ package=0603
[2026-08-19T09:09:09] ADD name=80.6K_0402 mpn=RC0402FR-0780K6L lcsc=C155698 resistance=80.6kΩ package=0402
[2026-08-19T09:09:09] ADD name=80.6R_0402 mpn=RC0402FR-0780R6L lcsc=C185392 resistance=80.6Ω package=0402
[2026-08-19T09:09:09] ADD name=806R_0402 mpn=RC0402FR-07806RL lcsc=C327326 resistance=806Ω package=0402
[2026-08-19T09:09:09] ADD name=806R_0805 mpn=RC0805FR-07806RL lcsc=C483246 resistance=806Ω package=0805
[2026-08-19T09:09:09] ADD name=82.5K_0402 mpn=RC0402FR-0782K5L lcsc=C185391 resistance=82.5kΩ package=0402
[2026-08-19T09:09:09] ADD name=82.5K_0603 mpn=RC0603FR-0782K5L lcsc=C185310 resistance=82.5kΩ package=0603
[2026-08-19T09:09:09] ADD name=82.5R_0603 mpn=RC0603FR-0782R5L lcsc=C137677 resistance=82.5Ω package=0603
[2026-08-19T09:09:09] ADD name=825R_0805 mpn=RC0805FR-07825RL lcsc=C273926 resistance=825Ω package=0805
[2026-08-19T09:09:09] ADD name=84.5K_0402 mpn=RC0402FR-0784K5L lcsc=C185390 resistance=84.5kΩ package=0402
[2026-08-19T09:09:09] ADD name=84.5K_0603 mpn=RC0603FR-0784K5L lcsc=C326920 resistance=84.5kΩ package=0603
[2026-08-19T09:09:09] ADD name=84.5K_0805 mpn=RC0805FR-0784K5L lcsc=C273920 resistance=84.5kΩ package=0805
[2026-08-19T09:09:09] ADD name=845K_0402 mpn=RC0402FR-07845KL lcsc=C477806 resistance=845kΩ package=0402
[2026-08-19T09:09:09] ADD name=845K_0603 mpn=RC0603FR-07845KL lcsc=C246013 resistance=845kΩ package=0603
[2026-08-19T09:09:09] ADD name=845R_0603 mpn=RC0603FR-07845RL lcsc=C273800 resistance=845Ω package=0603
[2026-08-19T09:09:09] ADD name=86.6K_0805 mpn=RC0805FR-0786K6L lcsc=C137488 resistance=86.6kΩ package=0805
[2026-08-19T09:09:09] ADD name=866K_0402 mpn=RC0402FR-07866KL lcsc=C137931 resistance=866kΩ package=0402
[2026-08-19T09:09:09] ADD name=866R_0805 mpn=RC0805FR-07866RL lcsc=C483249 resistance=866Ω package=0805
[2026-08-19T09:09:09] ADD name=88.7K_0402 mpn=RC0402FR-0788K7L lcsc=C477808 resistance=88.7kΩ package=0402
[2026-08-19T09:09:09] ADD name=88.7K_0603 mpn=RC0603FR-0788K7L lcsc=C163418 resistance=88.7kΩ package=0603
[2026-08-19T09:09:09] ADD name=88.7R_0402 mpn=RC0402FR-0788R7L lcsc=C477809 resistance=88.7Ω package=0402
[2026-08-19T09:09:09] ADD name=88.7R_0603 mpn=RC0603FR-0788R7L lcsc=C273787 resistance=88.7Ω package=0603
[2026-08-19T09:09:09] ADD name=887K_0603 mpn=RC0603FR-07887KL lcsc=C246015 resistance=887kΩ package=0603
[2026-08-19T09:09:09] ADD name=887R_0805 mpn=RC0805FR-07887RL lcsc=C273878 resistance=887Ω package=0805
[2026-08-19T09:09:09] ADD name=9.09K_0805 mpn=RC0805FR-079K09L lcsc=C273842 resistance=9.09kΩ package=0805
[2026-08-19T09:09:09] ADD name=9.09M_0805 mpn=RC0805FR-079M09L lcsc=C483251 resistance=9.09MΩ package=0805
[2026-08-19T09:09:09] ADD name=9.31K_0805 mpn=RC0805FR-079K31L lcsc=C273905 resistance=9.31kΩ package=0805
[2026-08-19T09:09:09] ADD name=9.53K_0402 mpn=RC0402FR-079K53L lcsc=C295883 resistance=9.53kΩ package=0402
[2026-08-19T09:09:09] ADD name=9.53K_0603 mpn=RC0603FR-079K53L lcsc=C273743 resistance=9.53kΩ package=0603
[2026-08-19T09:09:09] ADD name=9.53M_0805 mpn=RC0805FR-079M53L lcsc=C483257 resistance=9.53MΩ package=0805
[2026-08-19T09:09:09] ADD name=9.76K_0402 mpn=RC0402FR-079K76L lcsc=C163449 resistance=9.76kΩ package=0402
[2026-08-19T09:09:09] ADD name=9.76M_0805 mpn=RC0805FR-079M76L lcsc=C483259 resistance=9.76MΩ package=0805
[2026-08-19T09:09:09] ADD name=90.9K_0402 mpn=RC0402FR-0790K9L lcsc=C163452 resistance=90.9kΩ package=0402
[2026-08-19T09:09:09] ADD name=90.9K_0603 mpn=RC0603FR-0790K9L lcsc=C185305 resistance=90.9kΩ package=0603
[2026-08-19T09:09:09] ADD name=909R_0402 mpn=RC0402FR-07909RL lcsc=C327324 resistance=909Ω package=0402
[2026-08-19T09:09:09] ADD name=93.1K_0603 mpn=RC0603FR-0793K1L lcsc=C273780 resistance=93.1kΩ package=0603
[2026-08-19T09:09:09] ADD name=93.1K_0805 mpn=RC0805FR-0793K1L lcsc=C137483 resistance=93.1kΩ package=0805
[2026-08-19T09:09:09] ADD name=93.1R_0603 mpn=RC0603FR-0793R1L lcsc=C185303 resistance=93.1Ω package=0603
[2026-08-19T09:09:09] ADD name=931K_0402 mpn=RC0402FR-07931KL lcsc=C245892 resistance=931kΩ package=0402
[2026-08-19T09:09:09] ADD name=931R_0603 mpn=RC0603FR-07931RL lcsc=C163416 resistance=931Ω package=0603
[2026-08-19T09:09:09] ADD name=95.3K_0603 mpn=RC0603FR-0795K3L lcsc=C137667 resistance=95.3kΩ package=0603
[2026-08-19T09:09:09] ADD name=953R_0402 mpn=RC0402FR-07953RL lcsc=C327322 resistance=953Ω package=0402
[2026-08-19T09:09:09] ADD name=953R_0603 mpn=RC0603FR-07953RL lcsc=C137668 resistance=953Ω package=0603
[2026-08-19T09:09:09] ADD name=976K_0402 mpn=RC0402FR-07976KL lcsc=C273699 resistance=976kΩ package=0402
[2026-08-19T09:09:09] ADD name=976K_0603 mpn=RC0603FR-07976KL lcsc=C246018 resistance=976kΩ package=0603
[2026-08-19T09:09:10] Staged candidate: C:\Users\larsk\AppData\Local\Temp\pl_resistor_stage_bzh_n7r5\PL Resistor SMD.kicad_sym bytes=3470405 sha256=df68832395af48d3a70517c140514181bbb01817c4ebe047cd774175995e8a52
[2026-08-19T09:09:11] CLI command: C:\Program Files\KiCad\10.0\bin\kicad-cli.exe sym export svg --output C:\Users\larsk\AppData\Local\Temp\pl_resistor_stage_bzh_n7r5\svg_0_0R_0201 --symbol 0R_0201 C:\Users\larsk\AppData\Local\Temp\pl_resistor_stage_bzh_n7r5\PL Resistor SMD.kicad_sym
[2026-08-19T09:09:11] CLI exit: 0
[2026-08-19T09:09:11] CLI stdout: Plotting symbol '0R_0201' unit 1 to 'C:\Users\larsk\AppData\Local\Temp\pl_resistor_stage_bzh_n7r5\svg_0_0R_0201\0R_0201_unit1.svg'
[2026-08-19T09:09:11] CLI command: C:\Program Files\KiCad\10.0\bin\kicad-cli.exe sym export svg --output C:\Users\larsk\AppData\Local\Temp\pl_resistor_stage_bzh_n7r5\svg_1_1_02K_0402 --symbol 1.02K_0402 C:\Users\larsk\AppData\Local\Temp\pl_resistor_stage_bzh_n7r5\PL Resistor SMD.kicad_sym
[2026-08-19T09:09:11] CLI exit: 0
[2026-08-19T09:09:11] CLI stdout: Plotting symbol '1.02K_0402' unit 1 to 'C:\Users\larsk\AppData\Local\Temp\pl_resistor_stage_bzh_n7r5\svg_1_1_02K_0402\1.02K_0402_unit1.svg'
[2026-08-19T09:09:12] CLI command: C:\Program Files\KiCad\10.0\bin\kicad-cli.exe sym export svg --output C:\Users\larsk\AppData\Local\Temp\pl_resistor_stage_bzh_n7r5\svg_2_1_15K_0603 --symbol 1.15K_0603 C:\Users\larsk\AppData\Local\Temp\pl_resistor_stage_bzh_n7r5\PL Resistor SMD.kicad_sym
[2026-08-19T09:09:12] CLI exit: 0
[2026-08-19T09:09:12] CLI stdout: Plotting symbol '1.15K_0603' unit 1 to 'C:\Users\larsk\AppData\Local\Temp\pl_resistor_stage_bzh_n7r5\svg_2_1_15K_0603\1.15K_0603_unit1.svg'
[2026-08-19T09:09:12] CLI command: C:\Program Files\KiCad\10.0\bin\kicad-cli.exe sym export svg --output C:\Users\larsk\AppData\Local\Temp\pl_resistor_stage_bzh_n7r5\svg_3_1_18M_0805 --symbol 1.18M_0805 C:\Users\larsk\AppData\Local\Temp\pl_resistor_stage_bzh_n7r5\PL Resistor SMD.kicad_sym
[2026-08-19T09:09:12] CLI exit: 0
[2026-08-19T09:09:12] CLI stdout: Plotting symbol '1.18M_0805' unit 1 to 'C:\Users\larsk\AppData\Local\Temp\pl_resistor_stage_bzh_n7r5\svg_3_1_18M_0805\1.18M_0805_unit1.svg'
[2026-08-19T09:09:12] KiCad CLI validation passed for: 0R_0201, 1.02K_0402, 1.15K_0603, 1.18M_0805
[2026-08-19T09:09:12] Backups verified: C:\KiCad\9.0\symbols\PL Resistor SMD\Backups\20260819-090909
[2026-08-19T09:09:12] Renamed datasheet: C:\KiCad\9.0\symbols\PL Resistor SMD\Datasheets\Yageo_Resistor_RC_Series.pdf -> C:\KiCad\9.0\symbols\PL Resistor SMD\Datasheets\Yageo_RC_L_Series_Chip_Resistors.pdf
[2026-08-19T09:09:12] Atomically replaced symbol library: C:\KiCad\9.0\symbols\PL Resistor SMD\PL Resistor SMD.kicad_sym
[2026-08-19T09:09:12] FINAL library bytes=3470405 sha256=df68832395af48d3a70517c140514181bbb01817c4ebe047cd774175995e8a52 symbols=761
[2026-08-19T09:09:12] FINAL datasheet bytes=631342 sha256=ecfb53555d332b8286ba60edb5cc7ce007b47bf7cc0efcd0aabdc0d3a5fb990b
[2026-08-19T09:09:12] SUCCESS update completed; rollback not required
